Archive member included to satisfy reference by file (symbol)

/opt/devkitpro/libnds/lib/libnds9.a(touch.o)
                              main.o (touchRead)
/opt/devkitpro/libnds/lib/libnds9.a(console.o)
                              main.o (consoleDemoInit)
/opt/devkitpro/libnds/lib/libnds9.a(keys.o)
                              main.o (scanKeys)
/opt/devkitpro/libnds/lib/libnds9.a(initSystem.o)
                              /opt/devkitpro/devkitARM/lib/gcc/arm-none-eabi/8.3.0/../../../../arm-none-eabi/lib/thumb/ds_arm9_crt0.o (initSystem)
/opt/devkitpro/libnds/lib/libnds9.a(timeSupport.o)
                              /opt/devkitpro/libnds/lib/libnds9.a(initSystem.o) (__libnds_gtod)
/opt/devkitpro/libnds/lib/libnds9.a(securearea.o)
                              /opt/devkitpro/devkitARM/lib/gcc/arm-none-eabi/8.3.0/../../../../arm-none-eabi/lib/thumb/ds_arm9_crt0.o (__secure_area__)
/opt/devkitpro/libnds/lib/libnds9.a(interrupts.o)
                              main.o (irqSet)
/opt/devkitpro/libnds/lib/libnds9.a(libnds_exit.arm.o)
                              /opt/devkitpro/devkitARM/lib/gcc/arm-none-eabi/8.3.0/../../../../arm-none-eabi/lib/thumb/ds_arm9_crt0.o (__libnds_exit)
/opt/devkitpro/libnds/lib/libnds9.a(fifosystem.o)
                              /opt/devkitpro/libnds/lib/libnds9.a(initSystem.o) (fifoSetValue32Handler)
/opt/devkitpro/libnds/lib/libnds9.a(mpu_setup.o)
                              /opt/devkitpro/devkitARM/lib/gcc/arm-none-eabi/8.3.0/../../../../arm-none-eabi/lib/thumb/ds_arm9_crt0.o (__libnds_mpu_setup)
/opt/devkitpro/libnds/lib/libnds9.a(IntrWait.o)
                              main.o (swiWaitForVBlank)
/opt/devkitpro/libnds/lib/libnds9.a(cpu_clock.o)
                              /opt/devkitpro/libnds/lib/libnds9.a(initSystem.o) (setCpuClock)
/opt/devkitpro/libnds/lib/libnds9.a(interruptDispatcher.o)
                              /opt/devkitpro/libnds/lib/libnds9.a(interrupts.o) (IntrMain)
/opt/devkitpro/libnds/lib/libnds9.a(debugprint.o)
                              /opt/devkitpro/libnds/lib/libnds9.a(console.o) (nocashWrite)
/opt/devkitpro/libnds/lib/libnds9.a(swiSoftReset.o)
                              /opt/devkitpro/libnds/lib/libnds9.a(fifosystem.o) (swiSoftReset)
/opt/devkitpro/libnds/lib/libnds9.a(default_font.bin.o)
                              /opt/devkitpro/libnds/lib/libnds9.a(console.o) (default_font_bin)
/opt/devkitpro/libnds/lib/libnds9.a(background.o)
                              /opt/devkitpro/libnds/lib/libnds9.a(console.o) (bgState)
/opt/devkitpro/libnds/lib/libnds9.a(video.o)
                              /opt/devkitpro/libnds/lib/libnds9.a(initSystem.o) (vramDefault)
/opt/devkitpro/libnds/lib/libnds9.a(system.o)
                              /opt/devkitpro/libnds/lib/libnds9.a(initSystem.o) (systemValueHandler)
/opt/devkitpro/libnds/lib/libnds9.a(trig.o)
                              /opt/devkitpro/libnds/lib/libnds9.a(background.o) (sinLerp)
/opt/devkitpro/libnds/lib/libnds9.a(biosCalls.o)
                              /opt/devkitpro/libnds/lib/libnds9.a(system.o) (swiDelay)
/opt/devkitpro/devkitARM/lib/gcc/arm-none-eabi/8.3.0/thumb/libgcc.a(_divsi3.o)
                              /opt/devkitpro/libnds/lib/libnds9.a(console.o) (__aeabi_idivmod)
/opt/devkitpro/devkitARM/lib/gcc/arm-none-eabi/8.3.0/thumb/libgcc.a(_dvmd_tls.o)
                              /opt/devkitpro/devkitARM/lib/gcc/arm-none-eabi/8.3.0/thumb/libgcc.a(_divsi3.o) (__aeabi_idiv0)
/opt/devkitpro/devkitARM/lib/gcc/arm-none-eabi/8.3.0/../../../../arm-none-eabi/lib/thumb/libg.a(lib_a-bsearch.o)
                              /opt/devkitpro/libnds/lib/libnds9.a(trig.o) (bsearch)
/opt/devkitpro/devkitARM/lib/gcc/arm-none-eabi/8.3.0/../../../../arm-none-eabi/lib/thumb/libg.a(lib_a-init.o)
                              /opt/devkitpro/devkitARM/lib/gcc/arm-none-eabi/8.3.0/../../../../arm-none-eabi/lib/thumb/ds_arm9_crt0.o (__libc_init_array)
/opt/devkitpro/devkitARM/lib/gcc/arm-none-eabi/8.3.0/../../../../arm-none-eabi/lib/thumb/libg.a(lib_a-iprintf.o)
                              main.o (iprintf)
/opt/devkitpro/devkitARM/lib/gcc/arm-none-eabi/8.3.0/../../../../arm-none-eabi/lib/thumb/libg.a(lib_a-memcpy-stub.o)
                              /opt/devkitpro/libnds/lib/libnds9.a(console.o) (memcpy)
/opt/devkitpro/devkitARM/lib/gcc/arm-none-eabi/8.3.0/../../../../arm-none-eabi/lib/thumb/libg.a(lib_a-memset.o)
                              /opt/devkitpro/libnds/lib/libnds9.a(background.o) (memset)
/opt/devkitpro/devkitARM/lib/gcc/arm-none-eabi/8.3.0/../../../../arm-none-eabi/lib/thumb/libg.a(lib_a-setvbuf.o)
                              /opt/devkitpro/libnds/lib/libnds9.a(console.o) (setvbuf)
/opt/devkitpro/devkitARM/lib/gcc/arm-none-eabi/8.3.0/../../../../arm-none-eabi/lib/thumb/libg.a(lib_a-siscanf.o)
                              /opt/devkitpro/libnds/lib/libnds9.a(console.o) (siscanf)
[...]
Memory Configuration

Name             Origin             Length             Attributes
ewram            0x0000000002000000 0x0000000000380000
dtcm             0x000000000b000000 0x0000000000004000
vectors          0x0000000001000000 0x0000000000000100
itcm             0x0000000001000100 0x0000000000007f00
*default*        0x0000000000000000 0xffffffffffffffff

Linker script and memory map

                0x0000000002380000                __ewram_end = (ORIGIN (ewram) + LENGTH (ewram))
                0x0000000002380000                __eheap_end = (ORIGIN (ewram) + LENGTH (ewram))
                0x000000000b004000                __dtcm_top = (ORIGIN (dtcm) + LENGTH (dtcm))
                0x000000000b003ff8                __irq_flags = (__dtcm_top - 0x8)
                0x000000000b003ffc                __irq_vector = (__dtcm_top - 0x4)
                0x000000000b003f00                __sp_svc = (__dtcm_top - 0x100)
                0x000000000b003e00                __sp_irq = (__sp_svc - 0x100)
                0x000000000b003d00                __sp_usr = (__sp_irq - 0x100)

.secure         0x0000000002000000      0x800
 *(.secure)
 .secure        0x0000000002000000      0x800 /opt/devkitpro/libnds/lib/libnds9.a(securearea.o)
                0x0000000002000000                __secure_area__

.crt0           0x0000000002000800      0x300
                0x0000000002000800                __text_start = .
 *(.crt0)
 .crt0          0x0000000002000800      0x300 /opt/devkitpro/devkitARM/lib/gcc/arm-none-eabi/8.3.0/../../../../arm-none-eabi/lib/thumb/ds_arm9_crt0.o
                0x0000000002000800                _start
                0x0000000002000b00                . = ALIGN (0x4)

.plt
 *(.plt)

.init           0x0000000002000b00        0xc
 *(SORT_NONE(.init))
 .init          0x0000000002000b00        0x4 /opt/devkitpro/devkitARM/lib/gcc/arm-none-eabi/8.3.0/thumb/crti.o
                0x0000000002000b00                _init
 .init          0x0000000002000b04        0x8 /opt/devkitpro/devkitARM/lib/gcc/arm-none-eabi/8.3.0/thumb/crtn.o

.text           0x0000000002000b10     0x90e0
 *(EXCLUDE_FILE(*.twl* *.vectors* *.itcm*) .text)
 .text          0x0000000002000b10       0x10 main.o
                0x0000000002000b10                Vblank()
 .text          0x0000000002000b20      0x150 /opt/devkitpro/devkitARM/lib/gcc/arm-none-eabi/8.3.0/thumb/libgcc.a(_divsi3.o)
                0x0000000002000b20                __aeabi_idiv
                0x0000000002000b20                __divsi3
                0x0000000002000c50                __aeabi_idivmod
 .text          0x0000000002000c70        0x4 /opt/devkitpro/devkitARM/lib/gcc/arm-none-eabi/8.3.0/thumb/libgcc.a(_dvmd_tls.o)
                0x0000000002000c70                __aeabi_ldiv0
                0x0000000002000c70                __aeabi_idiv0
 .text          0x0000000002000c74      0x224 /opt/devkitpro/devkitARM/lib/gcc/arm-none-eabi/8.3.0/../../../../arm-none-eabi/lib/thumb/libg.a(lib_a-strcmp.o)
                0x0000000002000c74                strcmp
 .text          0x0000000002000e98       0x14 /opt/devkitpro/devkitARM/lib/gcc/arm-none-eabi/8.3.0/thumb/libgcc.a(_thumb1_case_uqi.o)
                0x0000000002000e98                __gnu_thumb1_case_uqi
 .text          0x0000000002000eac       0x14 /opt/devkitpro/devkitARM/lib/gcc/arm-none-eabi/8.3.0/thumb/libgcc.a(_thumb1_case_uhi.o)
                0x0000000002000eac                __gnu_thumb1_case_uhi
 .text          0x0000000002000ec0      0x11c /opt/devkitpro/devkitARM/lib/gcc/arm-none-eabi/8.3.0/thumb/libgcc.a(_udivsi3.o)
                0x0000000002000ec0                __udivsi3
                0x0000000002000ec0                __aeabi_uidiv
                0x0000000002000fbc                __aeabi_uidivmod
 .text          0x0000000002000fdc       0x3c /opt/devkitpro/devkitARM/lib/gcc/arm-none-eabi/8.3.0/thumb/libgcc.a(_aeabi_uldivmod.o)
                0x0000000002000fdc                __aeabi_uldivmod
 .text          0x0000000002001018       0x28 /opt/devkitpro/devkitARM/lib/gcc/arm-none-eabi/8.3.0/thumb/libgcc.a(_clzdi2.o)
                0x0000000002001018                __clzdi2
 .text          0x0000000002001040       0x48 /opt/devkitpro/devkitARM/lib/gcc/arm-none-eabi/8.3.0/thumb/libgcc.a(_clzsi2.o)
                0x0000000002001040                __clzsi2
 *(EXCLUDE_FILE(*.twl* *.vectors* *.itcm*) .stub)
 *(EXCLUDE_FILE(*.twl* *.vectors* *.itcm*) .text.*)
 .text.deregister_tm_clones
                0x0000000002001088       0x2c /opt/devkitpro/devkitARM/lib/gcc/arm-none-eabi/8.3.0/thumb/crtbegin.o
 .text.register_tm_clones
                0x00000000020010b4       0x34 /opt/devkitpro/devkitARM/lib/gcc/arm-none-eabi/8.3.0/thumb/crtbegin.o
 .text.__do_global_dtors_aux
                0x00000000020010e8       0x30 /opt/devkitpro/devkitARM/lib/gcc/arm-none-eabi/8.3.0/thumb/crtbegin.o
 .text.frame_dummy
                0x0000000002001118       0x28 /opt/devkitpro/devkitARM/lib/gcc/arm-none-eabi/8.3.0/thumb/crtbegin.o
 .text.startup  0x0000000002001140       0x84 main.o
                0x0000000002001140                main
 .text.touchRead
                0x00000000020011c4       0x24 /opt/devkitpro/libnds/lib/libnds9.a(touch.o)
                0x00000000020011c4                touchRead
 .text.newRow   0x00000000020011e8       0xb4 /opt/devkitpro/libnds/lib/libnds9.a(console.o)
 .text.consolePrintChar
                0x000000000200129c       0xec /opt/devkitpro/libnds/lib/libnds9.a(console.o)
                0x000000000200129c                consolePrintChar
 .text.consoleCls
                0x0000000002001388       0xe0 /opt/devkitpro/libnds/lib/libnds9.a(console.o)
 .text.consoleLoadFont
                0x0000000002001468      0x280 /opt/devkitpro/libnds/lib/libnds9.a(console.o)
                0x0000000002001468                consoleLoadFont
 .text.consoleInit
                0x00000000020016e8      0x15c /opt/devkitpro/libnds/lib/libnds9.a(console.o)
                0x00000000020016e8                consoleInit
 .text.consoleDemoInit
                0x0000000002001844       0x40 /opt/devkitpro/libnds/lib/libnds9.a(console.o)
                0x0000000002001844                consoleDemoInit
 .text.con_write
                0x0000000002001884      0x27c /opt/devkitpro/libnds/lib/libnds9.a(console.o)
                0x0000000002001884                con_write
 .text.scanKeys
                0x0000000002001b00       0x8c /opt/devkitpro/libnds/lib/libnds9.a(keys.o)
                0x0000000002001b00                scanKeys
 .text.keysDown
                0x0000000002001b8c       0x14 /opt/devkitpro/libnds/lib/libnds9.a(keys.o)
                0x0000000002001b8c                keysDown
 .text.initSystem
                0x0000000002001ba0      0x198 /opt/devkitpro/libnds/lib/libnds9.a(initSystem.o)
                0x0000000002001ba0                initSystem
 .text.__libnds_gtod
                0x0000000002001d38       0x28 /opt/devkitpro/libnds/lib/libnds9.a(timeSupport.o)
                0x0000000002001d38                __libnds_gtod
 .text.irqDummy
                0x0000000002001d60        0x4 /opt/devkitpro/libnds/lib/libnds9.a(interrupts.o)
                0x0000000002001d60                irqDummy
 .text.irqSet   0x0000000002001d64       0x6c /opt/devkitpro/libnds/lib/libnds9.a(interrupts.o)
                0x0000000002001d64                irqSet
 .text.irqInit  0x0000000002001dd0       0x50 /opt/devkitpro/libnds/lib/libnds9.a(interrupts.o)
                0x0000000002001dd0                irqInit
 .text.irqEnable
                0x0000000002001e20       0x64 /opt/devkitpro/libnds/lib/libnds9.a(interrupts.o)
                0x0000000002001e20                irqEnable
 .text.systemErrorExit
                0x0000000002001e84        0x4 /opt/devkitpro/libnds/lib/libnds9.a(libnds_exit.arm.o)
                0x0000000002001e84                systemErrorExit
 .text.__libnds_exit
                0x0000000002001e88       0x5c /opt/devkitpro/libnds/lib/libnds9.a(libnds_exit.arm.o)
                0x0000000002001e88                __libnds_exit
 .text.fifo_waitBlock
                0x0000000002001ee4       0x80 /opt/devkitpro/libnds/lib/libnds9.a(fifosystem.o)
 .text.fifo_queueBlock
                0x0000000002001f64       0x40 /opt/devkitpro/libnds/lib/libnds9.a(fifosystem.o)
 .text.fifoInternalSendInterrupt
                0x0000000002001fa4       0xac /opt/devkitpro/libnds/lib/libnds9.a(fifosystem.o)
 .text.fifoInternalSend.part.2
                0x0000000002002050       0xd4 /opt/devkitpro/libnds/lib/libnds9.a(fifosystem.o)
 .text.fifoGetValue32.part.3
                0x0000000002002124       0x74 /opt/devkitpro/libnds/lib/libnds9.a(fifosystem.o)
 .text.fifoSetValue32Handler
                0x0000000002002198       0x78 /opt/devkitpro/libnds/lib/libnds9.a(fifosystem.o)
                0x0000000002002198                fifoSetValue32Handler
 .text.fifoSendValue32
                0x0000000002002210       0x4c /opt/devkitpro/libnds/lib/libnds9.a(fifosystem.o)
                0x0000000002002210                fifoSendValue32
 .text.fifoGetDatamsg
                0x000000000200225c      0x138 /opt/devkitpro/libnds/lib/libnds9.a(fifosystem.o)
                0x000000000200225c                fifoGetDatamsg
 .text.fifoInternalRecvInterrupt
                0x0000000002002394      0x3dc /opt/devkitpro/libnds/lib/libnds9.a(fifosystem.o)
 .text.fifoSetDatamsgHandler
                0x0000000002002770       0x9c /opt/devkitpro/libnds/lib/libnds9.a(fifosystem.o)
                0x0000000002002770                fifoSetDatamsgHandler
 .text.fifoInit
                0x000000000200280c      0x104 /opt/devkitpro/libnds/lib/libnds9.a(fifosystem.o)
                0x000000000200280c                fifoInit
 .text.__libnds_mpu_setup
                0x0000000002002910      0x174 /opt/devkitpro/libnds/lib/libnds9.a(mpu_setup.o)
                0x0000000002002910                __libnds_mpu_setup
 .text.memUncached
                0x0000000002002a84       0x20 /opt/devkitpro/libnds/lib/libnds9.a(mpu_setup.o)
                0x0000000002002a84                memUncached
 .text.swiWaitForVBlank
                0x0000000002002aa4        0x8 /opt/devkitpro/libnds/lib/libnds9.a(IntrWait.o)
                0x0000000002002aa4                swiWaitForVBlank
 .text.swiIntrWait
                0x0000000002002aac       0x70 /opt/devkitpro/libnds/lib/libnds9.a(IntrWait.o)
                0x0000000002002aac                swiIntrWait
 .text.setCpuClock
                0x0000000002002b1c       0x50 /opt/devkitpro/libnds/lib/libnds9.a(cpu_clock.o)
                0x0000000002002b1c                setCpuClock
 .text.swiSoftReset
                0x0000000002002b6c       0x2c /opt/devkitpro/libnds/lib/libnds9.a(swiSoftReset.o)
                0x0000000002002b6c                swiSoftReset
 .text.checkIfText.part.0
                0x0000000002002b98       0x40 /opt/devkitpro/libnds/lib/libnds9.a(background.o)
 .text.bgUpdate
                0x0000000002002bd8      0x104 /opt/devkitpro/libnds/lib/libnds9.a(background.o)
                0x0000000002002bd8                bgUpdate
 .text.bgInit_call
                0x0000000002002cdc      0x110 /opt/devkitpro/libnds/lib/libnds9.a(background.o)
                0x0000000002002cdc                bgInit_call
 .text.bgInitSub_call
                0x0000000002002dec       0xf4 /opt/devkitpro/libnds/lib/libnds9.a(background.o)
                0x0000000002002dec                bgInitSub_call
 .text.vramDefault
                0x0000000002002ee0       0xd0 /opt/devkitpro/libnds/lib/libnds9.a(video.o)
                0x0000000002002ee0                vramDefault
 .text.systemValueHandler
                0x0000000002002fb0       0x48 /opt/devkitpro/libnds/lib/libnds9.a(system.o)
                0x0000000002002fb0                systemValueHandler
 .text.systemMsgHandler
                0x0000000002002ff8       0x5c /opt/devkitpro/libnds/lib/libnds9.a(system.o)
                0x0000000002002ff8                systemMsgHandler
 .text.powerOn  0x0000000002003054       0x2c /opt/devkitpro/libnds/lib/libnds9.a(system.o)
                0x0000000002003054                powerOn
 .text.sinLutLookup
                0x0000000002003080       0x3c /opt/devkitpro/libnds/lib/libnds9.a(trig.o)
                0x0000000002003080                sinLutLookup
 .text.sinLerp  0x00000000020030bc       0x44 /opt/devkitpro/libnds/lib/libnds9.a(trig.o)
                0x00000000020030bc                sinLerp
 .text.cosLerp  0x0000000002003100       0x14 /opt/devkitpro/libnds/lib/libnds9.a(trig.o)
                0x0000000002003100                cosLerp
 .text.swiDelay
                0x0000000002003114        0x4 /opt/devkitpro/libnds/lib/libnds9.a(biosCalls.o)
                0x0000000002003114                swiDelay
 .text.__libc_init_array
                0x0000000002003118       0x50 /opt/devkitpro/devkitARM/lib/gcc/arm-none-eabi/8.3.0/../../../../arm-none-eabi/lib/thumb/libg.a(lib_a-init.o)
                0x0000000002003118                __libc_init_array
 .text.iprintf  0x0000000002003168       0x24 /opt/devkitpro/devkitARM/lib/gcc/arm-none-eabi/8.3.0/../../../../arm-none-eabi/lib/thumb/libg.a(lib_a-iprintf.o)
                0x0000000002003168                iprintf
 .text.memcpy   0x000000000200318c       0xac /opt/devkitpro/devkitARM/lib/gcc/arm-none-eabi/8.3.0/../../../../arm-none-eabi/lib/thumb/libg.a(lib_a-memcpy-stub.o)
                0x000000000200318c                memcpy
 .text.memset   0x0000000002003238       0xb0 /opt/devkitpro/devkitARM/lib/gcc/arm-none-eabi/8.3.0/../../../../arm-none-eabi/lib/thumb/libg.a(lib_a-memset.o)
                0x0000000002003238                memset
 .text.setvbuf  0x00000000020032e8      0x1a0 /opt/devkitpro/devkitARM/lib/gcc/arm-none-eabi/8.3.0/../../../../arm-none-eabi/lib/thumb/libg.a(lib_a-setvbuf.o)
                0x00000000020032e8                setvbuf
 .text.siscanf  0x0000000002003488       0x4c /opt/devkitpro/devkitARM/lib/gcc/arm-none-eabi/8.3.0/../../../../arm-none-eabi/lib/thumb/libg.a(lib_a-siscanf.o)
                0x0000000002003488                siscanf
 .text.__sread  0x00000000020034d4       0x34 /opt/devkitpro/devkitARM/lib/gcc/arm-none-eabi/8.3.0/../../../../arm-none-eabi/lib/thumb/libg.a(lib_a-stdio.o)
                0x00000000020034d4                __sread
 .text.__seofread
                0x0000000002003508        0x4 /opt/devkitpro/devkitARM/lib/gcc/arm-none-eabi/8.3.0/../../../../arm-none-eabi/lib/thumb/libg.a(lib_a-stdio.o)
                0x0000000002003508                __seofread
 .text.__swrite
                0x000000000200350c       0x4c /opt/devkitpro/devkitARM/lib/gcc/arm-none-eabi/8.3.0/../../../../arm-none-eabi/lib/thumb/libg.a(lib_a-stdio.o)
                0x000000000200350c                __swrite
 .text.__sseek  0x0000000002003558       0x40 /opt/devkitpro/devkitARM/lib/gcc/arm-none-eabi/8.3.0/../../../../arm-none-eabi/lib/thumb/libg.a(lib_a-stdio.o)
                0x0000000002003558                __sseek
 .text.__sclose
                0x0000000002003598       0x10 /opt/devkitpro/devkitARM/lib/gcc/arm-none-eabi/8.3.0/../../../../arm-none-eabi/lib/thumb/libg.a(lib_a-stdio.o)
                0x0000000002003598                __sclose
 .text.strlen   0x00000000020035a8       0x6c /opt/devkitpro/devkitARM/lib/gcc/arm-none-eabi/8.3.0/../../../../arm-none-eabi/lib/thumb/libg.a(lib_a-strlen-stub.o)
                0x00000000020035a8                strlen
 .text.get_arg  0x0000000002003614       0x24 /opt/devkitpro/devkitARM/lib/gcc/arm-none-eabi/8.3.0/../../../../arm-none-eabi/lib/thumb/libg.a(lib_a-svfiscanf.o)
 .text._sungetc_r
                0x0000000002003638       0x7e /opt/devkitpro/devkitARM/lib/gcc/arm-none-eabi/8.3.0/../../../../arm-none-eabi/lib/thumb/libg.a(lib_a-svfiscanf.o)
                0x0000000002003638                _sungetc_r
 .text.__ssrefill_r
                0x00000000020036b6       0x42 /opt/devkitpro/devkitARM/lib/gcc/arm-none-eabi/8.3.0/../../../../arm-none-eabi/lib/thumb/libg.a(lib_a-svfiscanf.o)
                0x00000000020036b6                __ssrefill_r
 .text._sfread_r
                0x00000000020036f8       0x8a /opt/devkitpro/devkitARM/lib/gcc/arm-none-eabi/8.3.0/../../../../arm-none-eabi/lib/thumb/libg.a(lib_a-svfiscanf.o)
                0x00000000020036f8                _sfread_r
 *fill*         0x0000000002003782        0x2 ff
 .text.__ssvfiscanf_r
                0x0000000002003784     0x1b24 /opt/devkitpro/devkitARM/lib/gcc/arm-none-eabi/8.3.0/../../../../arm-none-eabi/lib/thumb/libg.a(lib_a-svfiscanf.o)
                0x0000000002003784                __ssvfiscanf_r
 .text.__submore
                0x00000000020052a8       0x88 /opt/devkitpro/devkitARM/lib/gcc/arm-none-eabi/8.3.0/../../../../arm-none-eabi/lib/thumb/libg.a(lib_a-ungetc.o)
                0x00000000020052a8                __submore
 .text.get_arg  0x0000000002005330      0x3c0 /opt/devkitpro/devkitARM/lib/gcc/arm-none-eabi/8.3.0/../../../../arm-none-eabi/lib/thumb/libg.a(lib_a-vfiprintf.o)
 .text.__sprint_r
                0x00000000020056f0       0x20 /opt/devkitpro/devkitARM/lib/gcc/arm-none-eabi/8.3.0/../../../../arm-none-eabi/lib/thumb/libg.a(lib_a-vfiprintf.o)
                0x00000000020056f0                __sprint_r
 .text._vfiprintf_r
                0x0000000002005710     0x17e8 /opt/devkitpro/devkitARM/lib/gcc/arm-none-eabi/8.3.0/../../../../arm-none-eabi/lib/thumb/libg.a(lib_a-vfiprintf.o)
                0x0000000002005710                _vfiprintf_r
 .text.__sbprintf
                0x0000000002006ef8       0x8c /opt/devkitpro/devkitARM/lib/gcc/arm-none-eabi/8.3.0/../../../../arm-none-eabi/lib/thumb/libg.a(lib_a-vfiprintf.o)
 .text._wcrtomb_r
                0x0000000002006f84       0x5c /opt/devkitpro/devkitARM/lib/gcc/arm-none-eabi/8.3.0/../../../../arm-none-eabi/lib/thumb/libg.a(lib_a-wcrtomb.o)
                0x0000000002006f84                _wcrtomb_r
 .text._wcsrtombs_r
                0x0000000002006fe0       0x1c /opt/devkitpro/devkitARM/lib/gcc/arm-none-eabi/8.3.0/../../../../arm-none-eabi/lib/thumb/libg.a(lib_a-wcsrtombs.o)
                0x0000000002006fe0                _wcsrtombs_r
 .text.__swsetup_r
                0x0000000002006ffc       0xe0 /opt/devkitpro/devkitARM/lib/gcc/arm-none-eabi/8.3.0/../../../../arm-none-eabi/lib/thumb/libg.a(lib_a-wsetup.o)
                0x0000000002006ffc                __swsetup_r
 .text.__sflush_r
                0x00000000020070dc      0x1b8 /opt/devkitpro/devkitARM/lib/gcc/arm-none-eabi/8.3.0/../../../../arm-none-eabi/lib/thumb/libg.a(lib_a-fflush.o)
                0x00000000020070dc                __sflush_r
 .text._fflush_r
                0x0000000002007294       0x70 /opt/devkitpro/devkitARM/lib/gcc/arm-none-eabi/8.3.0/../../../../arm-none-eabi/lib/thumb/libg.a(lib_a-fflush.o)
                0x0000000002007294                _fflush_r
 .text.std      0x0000000002007304       0x54 /opt/devkitpro/devkitARM/lib/gcc/arm-none-eabi/8.3.0/../../../../arm-none-eabi/lib/thumb/libg.a(lib_a-findfp.o)
 .text._cleanup_r
                0x0000000002007358       0x14 /opt/devkitpro/devkitARM/lib/gcc/arm-none-eabi/8.3.0/../../../../arm-none-eabi/lib/thumb/libg.a(lib_a-findfp.o)
                0x0000000002007358                _cleanup_r
 .text.__sinit  0x000000000200736c       0x64 /opt/devkitpro/devkitARM/lib/gcc/arm-none-eabi/8.3.0/../../../../arm-none-eabi/lib/thumb/libg.a(lib_a-findfp.o)
                0x000000000200736c                __sinit
 .text.__sfp_lock_acquire
                0x00000000020073d0       0x14 /opt/devkitpro/devkitARM/lib/gcc/arm-none-eabi/8.3.0/../../../../arm-none-eabi/lib/thumb/libg.a(lib_a-findfp.o)
                0x00000000020073d0                __sfp_lock_acquire
 .text.__sfp_lock_release
                0x00000000020073e4       0x14 /opt/devkitpro/devkitARM/lib/gcc/arm-none-eabi/8.3.0/../../../../arm-none-eabi/lib/thumb/libg.a(lib_a-findfp.o)
                0x00000000020073e4                __sfp_lock_release
 .text._malloc_trim_r
                0x00000000020073f8       0xa4 /opt/devkitpro/devkitARM/lib/gcc/arm-none-eabi/8.3.0/../../../../arm-none-eabi/lib/thumb/libg.a(lib_a-freer.o)
                0x00000000020073f8                _malloc_trim_r
 .text._free_r  0x000000000200749c      0x1e0 /opt/devkitpro/devkitARM/lib/gcc/arm-none-eabi/8.3.0/../../../../arm-none-eabi/lib/thumb/libg.a(lib_a-freer.o)
                0x000000000200749c                _free_r
 .text.__sfvwrite_r
                0x000000000200767c      0x348 /opt/devkitpro/devkitARM/lib/gcc/arm-none-eabi/8.3.0/../../../../arm-none-eabi/lib/thumb/libg.a(lib_a-fvwrite.o)
                0x000000000200767c                __sfvwrite_r
 .text._fwalk_reent
                0x00000000020079c4       0x54 /opt/devkitpro/devkitARM/lib/gcc/arm-none-eabi/8.3.0/../../../../arm-none-eabi/lib/thumb/libg.a(lib_a-fwalk.o)
                0x00000000020079c4                _fwalk_reent
 .text.iswspace
                0x0000000002007a18       0x10 /opt/devkitpro/devkitARM/lib/gcc/arm-none-eabi/8.3.0/../../../../arm-none-eabi/lib/thumb/libg.a(lib_a-iswspace.o)
                0x0000000002007a18                iswspace
 .text._localeconv_r
                0x0000000002007a28        0x8 /opt/devkitpro/devkitARM/lib/gcc/arm-none-eabi/8.3.0/../../../../arm-none-eabi/lib/thumb/libg.a(lib_a-localeconv.o)
                0x0000000002007a28                _localeconv_r
 .text.__locale_mb_cur_max
                0x0000000002007a30       0x10 /opt/devkitpro/devkitARM/lib/gcc/arm-none-eabi/8.3.0/../../../../arm-none-eabi/lib/thumb/libg.a(lib_a-locale.o)
                0x0000000002007a30                __locale_mb_cur_max
 .text.__swhatbuf_r
                0x0000000002007a40       0x64 /opt/devkitpro/devkitARM/lib/gcc/arm-none-eabi/8.3.0/../../../../arm-none-eabi/lib/thumb/libg.a(lib_a-makebuf.o)
                0x0000000002007a40                __swhatbuf_r
 .text.__smakebuf_r
                0x0000000002007aa4       0x98 /opt/devkitpro/devkitARM/lib/gcc/arm-none-eabi/8.3.0/../../../../arm-none-eabi/lib/thumb/libg.a(lib_a-makebuf.o)
                0x0000000002007aa4                __smakebuf_r
 .text.malloc   0x0000000002007b3c       0x14 /opt/devkitpro/devkitARM/lib/gcc/arm-none-eabi/8.3.0/../../../../arm-none-eabi/lib/thumb/libg.a(lib_a-malloc.o)
                0x0000000002007b3c                malloc
 .text.free     0x0000000002007b50       0x14 /opt/devkitpro/devkitARM/lib/gcc/arm-none-eabi/8.3.0/../../../../arm-none-eabi/lib/thumb/libg.a(lib_a-malloc.o)
                0x0000000002007b50                free
 .text._malloc_r
                0x0000000002007b64      0x594 /opt/devkitpro/devkitARM/lib/gcc/arm-none-eabi/8.3.0/../../../../arm-none-eabi/lib/thumb/libg.a(lib_a-mallocr.o)
                0x0000000002007b64                _malloc_r
 .text._mbrtowc_r
                0x00000000020080f8       0x60 /opt/devkitpro/devkitARM/lib/gcc/arm-none-eabi/8.3.0/../../../../arm-none-eabi/lib/thumb/libg.a(lib_a-mbrtowc.o)
                0x00000000020080f8                _mbrtowc_r
 .text.__utf8_mbtowc
                0x0000000002008158      0x294 /opt/devkitpro/devkitARM/lib/gcc/arm-none-eabi/8.3.0/../../../../arm-none-eabi/lib/thumb/libg.a(lib_a-mbtowc_r.o)
                0x0000000002008158                __utf8_mbtowc
 .text.memchr   0x00000000020083ec       0x84 /opt/devkitpro/devkitARM/lib/gcc/arm-none-eabi/8.3.0/../../../../arm-none-eabi/lib/thumb/libg.a(lib_a-memchr-stub.o)
                0x00000000020083ec                memchr
 .text.memmove  0x0000000002008470       0xb4 /opt/devkitpro/devkitARM/lib/gcc/arm-none-eabi/8.3.0/../../../../arm-none-eabi/lib/thumb/libg.a(lib_a-memmove.o)
                0x0000000002008470                memmove
 .text.__malloc_lock
                0x0000000002008524       0x14 /opt/devkitpro/devkitARM/lib/gcc/arm-none-eabi/8.3.0/../../../../arm-none-eabi/lib/thumb/libg.a(lib_a-mlock.o)
                0x0000000002008524                __malloc_lock
 .text.__malloc_unlock
                0x0000000002008538       0x14 /opt/devkitpro/devkitARM/lib/gcc/arm-none-eabi/8.3.0/../../../../arm-none-eabi/lib/thumb/libg.a(lib_a-mlock.o)
                0x0000000002008538                __malloc_unlock
 .text.realloc  0x000000000200854c       0x18 /opt/devkitpro/devkitARM/lib/gcc/arm-none-eabi/8.3.0/../../../../arm-none-eabi/lib/thumb/libg.a(lib_a-realloc.o)
                0x000000000200854c                realloc
 .text._realloc_r
                0x0000000002008564      0x370 /opt/devkitpro/devkitARM/lib/gcc/arm-none-eabi/8.3.0/../../../../arm-none-eabi/lib/thumb/libg.a(lib_a-reallocr.o)
                0x0000000002008564                _realloc_r
 .text.__sccl   0x00000000020088d4       0x78 /opt/devkitpro/devkitARM/lib/gcc/arm-none-eabi/8.3.0/../../../../arm-none-eabi/lib/thumb/libg.a(lib_a-sccl.o)
                0x00000000020088d4                __sccl
 .text.strncpy  0x000000000200894c       0x84 /opt/devkitpro/devkitARM/lib/gcc/arm-none-eabi/8.3.0/../../../../arm-none-eabi/lib/thumb/libg.a(lib_a-strncpy.o)
                0x000000000200894c                strncpy
 .text._strtoll_l.isra.0
                0x00000000020089d0      0x1b4 /opt/devkitpro/devkitARM/lib/gcc/arm-none-eabi/8.3.0/../../../../arm-none-eabi/lib/thumb/libg.a(lib_a-strtoll.o)
 .text._strtoll_r
                0x0000000002008b84        0xc /opt/devkitpro/devkitARM/lib/gcc/arm-none-eabi/8.3.0/../../../../arm-none-eabi/lib/thumb/libg.a(lib_a-strtoll.o)
                0x0000000002008b84                _strtoll_r
 .text._strtol_l.isra.0
                0x0000000002008b90      0x13c /opt/devkitpro/devkitARM/lib/gcc/arm-none-eabi/8.3.0/../../../../arm-none-eabi/lib/thumb/libg.a(lib_a-strtol.o)
 .text._strtol_r
                0x0000000002008ccc        0xc /opt/devkitpro/devkitARM/lib/gcc/arm-none-eabi/8.3.0/../../../../arm-none-eabi/lib/thumb/libg.a(lib_a-strtol.o)
                0x0000000002008ccc                _strtol_r
 .text._strtoull_l.isra.0
                0x0000000002008cd8      0x1c8 /opt/devkitpro/devkitARM/lib/gcc/arm-none-eabi/8.3.0/../../../../arm-none-eabi/lib/thumb/libg.a(lib_a-strtoull.o)
 .text._strtoull_r
                0x0000000002008ea0        0xc /opt/devkitpro/devkitARM/lib/gcc/arm-none-eabi/8.3.0/../../../../arm-none-eabi/lib/thumb/libg.a(lib_a-strtoull.o)
                0x0000000002008ea0                _strtoull_r
 .text._strtoul_l.isra.0
                0x0000000002008eac      0x144 /opt/devkitpro/devkitARM/lib/gcc/arm-none-eabi/8.3.0/../../../../arm-none-eabi/lib/thumb/libg.a(lib_a-strtoul.o)
 .text._strtoul_r
                0x0000000002008ff0        0xc /opt/devkitpro/devkitARM/lib/gcc/arm-none-eabi/8.3.0/../../../../arm-none-eabi/lib/thumb/libg.a(lib_a-strtoul.o)
                0x0000000002008ff0                _strtoul_r
 .text._wcsnrtombs_l
                0x0000000002008ffc      0x134 /opt/devkitpro/devkitARM/lib/gcc/arm-none-eabi/8.3.0/../../../../arm-none-eabi/lib/thumb/libg.a(lib_a-wcsnrtombs.o)
                0x0000000002008ffc                _wcsnrtombs_l
 .text._wcsnrtombs_r
                0x0000000002009130       0x30 /opt/devkitpro/devkitARM/lib/gcc/arm-none-eabi/8.3.0/../../../../arm-none-eabi/lib/thumb/libg.a(lib_a-wcsnrtombs.o)
                0x0000000002009130                _wcsnrtombs_r
 .text.__utf8_wctomb
                0x0000000002009160       0xbc /opt/devkitpro/devkitARM/lib/gcc/arm-none-eabi/8.3.0/../../../../arm-none-eabi/lib/thumb/libg.a(lib_a-wctomb_r.o)
                0x0000000002009160                __utf8_wctomb
 .text._fclose_r
                0x000000000200921c       0xe4 /opt/devkitpro/devkitARM/lib/gcc/arm-none-eabi/8.3.0/../../../../arm-none-eabi/lib/thumb/libg.a(lib_a-fclose.o)
                0x000000000200921c                _fclose_r
 .text.iswspace_l
                0x0000000002009300       0x2c /opt/devkitpro/devkitARM/lib/gcc/arm-none-eabi/8.3.0/../../../../arm-none-eabi/lib/thumb/libg.a(lib_a-iswspace_l.o)
                0x0000000002009300                iswspace_l
 .text.__jp2uc  0x000000000200932c      0x190 /opt/devkitpro/devkitARM/lib/gcc/arm-none-eabi/8.3.0/../../../../arm-none-eabi/lib/thumb/libg.a(lib_a-jp2uc.o)
 .text._jp2uc_l
                0x00000000020094bc       0x6c /opt/devkitpro/devkitARM/lib/gcc/arm-none-eabi/8.3.0/../../../../arm-none-eabi/lib/thumb/libg.a(lib_a-jp2uc.o)
                0x00000000020094bc                _jp2uc_l
 .text.category
                0x0000000002009528       0x58 /opt/devkitpro/devkitARM/lib/gcc/arm-none-eabi/8.3.0/../../../../arm-none-eabi/lib/thumb/libg.a(lib_a-categories.o)
                0x0000000002009528                category
 .text.null_write
                0x0000000002009580        0x4 /opt/devkitpro/devkitARM/lib/gcc/arm-none-eabi/8.3.0/../../../../arm-none-eabi/lib/thumb/libsysbase.a(iosupport.o)
 .text._close_r
                0x0000000002009584       0x5c /opt/devkitpro/devkitARM/lib/gcc/arm-none-eabi/8.3.0/../../../../arm-none-eabi/lib/thumb/libsysbase.a(close.o)
                0x0000000002009584                _close_r
 .text._fstat_r
                0x00000000020095e0       0x4c /opt/devkitpro/devkitARM/lib/gcc/arm-none-eabi/8.3.0/../../../../arm-none-eabi/lib/thumb/libsysbase.a(fstat.o)
                0x00000000020095e0                _fstat_r
 .text._isatty_r
                0x000000000200962c        0x4 /opt/devkitpro/devkitARM/lib/gcc/arm-none-eabi/8.3.0/../../../../arm-none-eabi/lib/thumb/libsysbase.a(isatty.o)
                0x000000000200962c                _isatty_r
 .text._lseek_r
                0x0000000002009630       0x5c /opt/devkitpro/devkitARM/lib/gcc/arm-none-eabi/8.3.0/../../../../arm-none-eabi/lib/thumb/libsysbase.a(lseek.o)
                0x0000000002009630                _lseek_r
 .text._read_r  0x000000000200968c       0x50 /opt/devkitpro/devkitARM/lib/gcc/arm-none-eabi/8.3.0/../../../../arm-none-eabi/lib/thumb/libsysbase.a(read.o)
                0x000000000200968c                _read_r
 .text._sbrk_r  0x00000000020096dc       0x54 /opt/devkitpro/devkitARM/lib/gcc/arm-none-eabi/8.3.0/../../../../arm-none-eabi/lib/thumb/libsysbase.a(sbrk.o)
                0x00000000020096dc                _sbrk_r
 .text._write_r
                0x0000000002009730       0x50 /opt/devkitpro/devkitARM/lib/gcc/arm-none-eabi/8.3.0/../../../../arm-none-eabi/lib/thumb/libsysbase.a(write.o)
                0x0000000002009730                _write_r
 .text.build_argv
                0x0000000002009780       0x4c /opt/devkitpro/devkitARM/lib/gcc/arm-none-eabi/8.3.0/../../../../arm-none-eabi/lib/thumb/libsysbase.a(build_argv.o)
                0x0000000002009780                build_argv
 .text.__flockfile
                0x00000000020097cc       0x10 /opt/devkitpro/devkitARM/lib/gcc/arm-none-eabi/8.3.0/../../../../arm-none-eabi/lib/thumb/libsysbase.a(flock.o)
                0x00000000020097cc                __flockfile
 .text.__funlockfile
                0x00000000020097dc       0x10 /opt/devkitpro/devkitARM/lib/gcc/arm-none-eabi/8.3.0/../../../../arm-none-eabi/lib/thumb/libsysbase.a(flock.o)
                0x00000000020097dc                __funlockfile
 .text.__libc_lock_acquire
                0x00000000020097ec       0x1c /opt/devkitpro/devkitARM/lib/gcc/arm-none-eabi/8.3.0/../../../../arm-none-eabi/lib/thumb/libsysbase.a(syscall_support.o)
                0x00000000020097ec                __libc_lock_acquire
 .text.__libc_lock_release
                0x0000000002009808       0x1c /opt/devkitpro/devkitARM/lib/gcc/arm-none-eabi/8.3.0/../../../../arm-none-eabi/lib/thumb/libsysbase.a(syscall_support.o)
                0x0000000002009808                __libc_lock_release
 .text.__libc_lock_init_recursive
                0x0000000002009824       0x1c /opt/devkitpro/devkitARM/lib/gcc/arm-none-eabi/8.3.0/../../../../arm-none-eabi/lib/thumb/libsysbase.a(syscall_support.o)
                0x0000000002009824                __libc_lock_init_recursive
 .text.__libc_lock_acquire_recursive
                0x0000000002009840       0x1c /opt/devkitpro/devkitARM/lib/gcc/arm-none-eabi/8.3.0/../../../../arm-none-eabi/lib/thumb/libsysbase.a(syscall_support.o)
                0x0000000002009840                __libc_lock_acquire_recursive
 .text.__libc_lock_release_recursive
                0x000000000200985c       0x1c /opt/devkitpro/devkitARM/lib/gcc/arm-none-eabi/8.3.0/../../../../arm-none-eabi/lib/thumb/libsysbase.a(syscall_support.o)
                0x000000000200985c                __libc_lock_release_recursive
 .text.__libc_lock_close_recursive
                0x0000000002009878       0x1c /opt/devkitpro/devkitARM/lib/gcc/arm-none-eabi/8.3.0/../../../../arm-none-eabi/lib/thumb/libsysbase.a(syscall_support.o)
                0x0000000002009878                __libc_lock_close_recursive
 .text.__release_handle
                0x0000000002009894       0x6c /opt/devkitpro/devkitARM/lib/gcc/arm-none-eabi/8.3.0/../../../../arm-none-eabi/lib/thumb/libsysbase.a(handle_manager.o)
                0x0000000002009894                __release_handle
 .text.__get_handle
                0x0000000002009900       0x1c /opt/devkitpro/devkitARM/lib/gcc/arm-none-eabi/8.3.0/../../../../arm-none-eabi/lib/thumb/libsysbase.a(handle_manager.o)
                0x0000000002009900                __get_handle
 .text.__getreent
                0x000000000200991c       0x28 /opt/devkitpro/devkitARM/lib/gcc/arm-none-eabi/8.3.0/../../../../arm-none-eabi/lib/thumb/libsysbase.a(getreent.o)
                0x000000000200991c                __getreent
 .text.__muldi3
                0x0000000002009944       0x60 /opt/devkitpro/devkitARM/lib/gcc/arm-none-eabi/8.3.0/thumb/libgcc.a(_muldi3.o)
                0x0000000002009944                __aeabi_lmul
                0x0000000002009944                __muldi3
 .text.__udivmoddi4
                0x00000000020099a4      0x1a8 /opt/devkitpro/devkitARM/lib/gcc/arm-none-eabi/8.3.0/thumb/libgcc.a(_udivmoddi4.o)
                0x00000000020099a4                __udivmoddi4
 *fill*         0x0000000002009b4c        0x4 ff
 .text.__udivmoddi4.__stub
                0x0000000002009b50       0x90 linker stubs
 *(EXCLUDE_FILE(*.twl*) .gnu.warning)
 *(EXCLUDE_FILE(*.twl*) .gnu.linkonce.t*)
 *(.glue_7)
 .glue_7        0x0000000002009bf0        0x0 linker stubs
 *(.glue_7t)
 .glue_7t       0x0000000002009bf0        0x0 linker stubs
                0x0000000002009bf0                . = ALIGN (0x4)

.vfp11_veneer   0x0000000002009bf0        0x0
 .vfp11_veneer  0x0000000002009bf0        0x0 linker stubs

.v4_bx          0x0000000002009bf0        0x0
 .v4_bx         0x0000000002009bf0        0x0 linker stubs

.iplt           0x0000000002009bf0        0x0
 .iplt          0x0000000002009bf0        0x0 /opt/devkitpro/devkitARM/lib/gcc/arm-none-eabi/8.3.0/../../../../arm-none-eabi/lib/thumb/ds_arm9_crt0.o

.fini           0x0000000002009bf0        0xc
 *(.fini)
 .fini          0x0000000002009bf0        0x4 /opt/devkitpro/devkitARM/lib/gcc/arm-none-eabi/8.3.0/thumb/crti.o
                0x0000000002009bf0                _fini
 .fini          0x0000000002009bf4        0x8 /opt/devkitpro/devkitARM/lib/gcc/arm-none-eabi/8.3.0/thumb/crtn.o
                0x0000000002009bfc                __text_end = .

.rodata         0x0000000002009bfc     0x8ce4
 *(EXCLUDE_FILE(*.twl*) .rodata)
 .rodata        0x0000000002009bfc     0x2004 /opt/devkitpro/libnds/lib/libnds9.a(default_font.bin.o)
                0x0000000002009bfc                default_font_bin
                0x000000000200bbfc                default_font_bin_end
                0x000000000200bbfc                default_font_bin_size
 *all.rodata*(*)
 *(EXCLUDE_FILE(*.twl*) .roda)
 *(EXCLUDE_FILE(*.twl*) .rodata.*)
 .rodata.str1.4
                0x000000000200bc00       0xaa main.o
 *fill*         0x000000000200bcaa        0x2 ff
 .rodata.con_write
                0x000000000200bcac       0xd4 /opt/devkitpro/libnds/lib/libnds9.a(console.o)
 .rodata.con_write.str1.4
                0x000000000200bd80       0x30 /opt/devkitpro/libnds/lib/libnds9.a(console.o)
 .rodata.dotab_stdout
                0x000000000200bdb0       0x70 /opt/devkitpro/libnds/lib/libnds9.a(console.o)
 .rodata.str1.4
                0x000000000200be20       0x14 /opt/devkitpro/libnds/lib/libnds9.a(console.o)
 .rodata.SIN_LUT
                0x000000000200be34      0x102 /opt/devkitpro/libnds/lib/libnds9.a(trig.o)
                0x000000000200be34                SIN_LUT
 *fill*         0x000000000200bf36        0x2 ff
 .rodata.basefix.6979
                0x000000000200bf38       0x22 /opt/devkitpro/devkitARM/lib/gcc/arm-none-eabi/8.3.0/../../../../arm-none-eabi/lib/thumb/libg.a(lib_a-svfiscanf.o)
 .rodata._vfiprintf_r.str1.1
                0x000000000200bf5a       0x29 /opt/devkitpro/devkitARM/lib/gcc/arm-none-eabi/8.3.0/../../../../arm-none-eabi/lib/thumb/libg.a(lib_a-vfiprintf.o)
 *fill*         0x000000000200bf83        0x1 ff
 .rodata.blanks.7416
                0x000000000200bf84       0x10 /opt/devkitpro/devkitARM/lib/gcc/arm-none-eabi/8.3.0/../../../../arm-none-eabi/lib/thumb/libg.a(lib_a-vfiprintf.o)
 .rodata.zeroes.7417
                0x000000000200bf94       0x10 /opt/devkitpro/devkitARM/lib/gcc/arm-none-eabi/8.3.0/../../../../arm-none-eabi/lib/thumb/libg.a(lib_a-vfiprintf.o)
 .rodata._ctype_
                0x000000000200bfa4      0x101 /opt/devkitpro/devkitARM/lib/gcc/arm-none-eabi/8.3.0/../../../../arm-none-eabi/lib/thumb/libg.a(lib_a-ctype_.o)
                0x000000000200bfa4                _ctype_
 *fill*         0x000000000200c0a5        0x3 ff
 .rodata.str1.4
                0x000000000200c0a8       0x48 /opt/devkitpro/devkitARM/lib/gcc/arm-none-eabi/8.3.0/../../../../arm-none-eabi/lib/thumb/libg.a(lib_a-locale.o)
                                         0x4c (size before relaxing)
 .rodata._mbrtowc_r.str1.4
                0x000000000200c0f0        0x1 /opt/devkitpro/devkitARM/lib/gcc/arm-none-eabi/8.3.0/../../../../arm-none-eabi/lib/thumb/libg.a(lib_a-mbrtowc.o)
 .rodata.__action_table
                0x000000000200c0f0       0x6c /opt/devkitpro/devkitARM/lib/gcc/arm-none-eabi/8.3.0/../../../../arm-none-eabi/lib/thumb/libg.a(lib_a-svfiprintf.o)
                0x000000000200c0f0                __action_table
 .rodata.__chclass
                0x000000000200c15c      0x100 /opt/devkitpro/devkitARM/lib/gcc/arm-none-eabi/8.3.0/../../../../arm-none-eabi/lib/thumb/libg.a(lib_a-svfiprintf.o)
                0x000000000200c15c                __chclass
 .rodata.__state_table
                0x000000000200c25c       0x6c /opt/devkitpro/devkitARM/lib/gcc/arm-none-eabi/8.3.0/../../../../arm-none-eabi/lib/thumb/libg.a(lib_a-svfiprintf.o)
                0x000000000200c25c                __state_table
 .rodata.__jp2uc
                0x000000000200c2c8       0x20 /opt/devkitpro/devkitARM/lib/gcc/arm-none-eabi/8.3.0/../../../../arm-none-eabi/lib/thumb/libg.a(lib_a-jp2uc.o)
 .rodata._jp2uc_l.str1.4
                0x000000000200c2e8       0x12 /opt/devkitpro/devkitARM/lib/gcc/arm-none-eabi/8.3.0/../../../../arm-none-eabi/lib/thumb/libg.a(lib_a-jp2uc.o)
 *fill*         0x000000000200c2fa        0x2 ff
 .rodata.a1     0x000000000200c2fc       0xbc /opt/devkitpro/devkitARM/lib/gcc/arm-none-eabi/8.3.0/../../../../arm-none-eabi/lib/thumb/libg.a(lib_a-jp2uc.o)
 .rodata.a2     0x000000000200c3b8       0xbc /opt/devkitpro/devkitARM/lib/gcc/arm-none-eabi/8.3.0/../../../../arm-none-eabi/lib/thumb/libg.a(lib_a-jp2uc.o)
 .rodata.a3     0x000000000200c474       0x5b /opt/devkitpro/devkitARM/lib/gcc/arm-none-eabi/8.3.0/../../../../arm-none-eabi/lib/thumb/libg.a(lib_a-jp2uc.o)
 *fill*         0x000000000200c4cf        0x1 ff
 .rodata.a6     0x000000000200c4d0       0x70 /opt/devkitpro/devkitARM/lib/gcc/arm-none-eabi/8.3.0/../../../../arm-none-eabi/lib/thumb/libg.a(lib_a-jp2uc.o)
 .rodata.a7     0x000000000200c540       0xa2 /opt/devkitpro/devkitARM/lib/gcc/arm-none-eabi/8.3.0/../../../../arm-none-eabi/lib/thumb/libg.a(lib_a-jp2uc.o)
 *fill*         0x000000000200c5e2        0x2 ff
 .rodata.a8     0x000000000200c5e4       0x40 /opt/devkitpro/devkitARM/lib/gcc/arm-none-eabi/8.3.0/../../../../arm-none-eabi/lib/thumb/libg.a(lib_a-jp2uc.o)
 .rodata.b02cf  0x000000000200c624     0x172a /opt/devkitpro/devkitARM/lib/gcc/arm-none-eabi/8.3.0/../../../../arm-none-eabi/lib/thumb/libg.a(lib_a-jp2uc.o)
 *fill*         0x000000000200dd4e        0x2 ff
 .rodata.d02f4  0x000000000200dd50     0x1a7c /opt/devkitpro/devkitARM/lib/gcc/arm-none-eabi/8.3.0/../../../../arm-none-eabi/lib/thumb/libg.a(lib_a-jp2uc.o)
 .rodata.categories
                0x000000000200f7cc     0x309c /opt/devkitpro/devkitARM/lib/gcc/arm-none-eabi/8.3.0/../../../../arm-none-eabi/lib/thumb/libg.a(lib_a-categories.o)
 .rodata.AddDevice.str1.4
                0x0000000002012868        0x8 /opt/devkitpro/devkitARM/lib/gcc/arm-none-eabi/8.3.0/../../../../arm-none-eabi/lib/thumb/libsysbase.a(iosupport.o)
 .rodata.dotab_stdnull
                0x0000000002012870       0x70 /opt/devkitpro/devkitARM/lib/gcc/arm-none-eabi/8.3.0/../../../../arm-none-eabi/lib/thumb/libsysbase.a(iosupport.o)
                0x0000000002012870                dotab_stdnull
 *(EXCLUDE_FILE(*.twl*) .gnu.linkonce.r*)
                0x00000000020128e0                . = ALIGN (0x4)

.ARM.extab
 *(.ARM.extab* .gnu.linkonce.armextab.*)
                0x00000000020128e0                __exidx_start = .

ARM.exidx
 *(.ARM.exidx* .gnu.linkonce.armexidx.*)
                0x00000000020128e0                __exidx_end = .
                0x00000000020128e0                . = ALIGN (0x4)
                0x00000000020128e0                PROVIDE (__preinit_array_start = .)

.preinit_array
 *(.preinit_array)
                0x00000000020128e0                PROVIDE (__preinit_array_end = .)
                0x00000000020128e0                PROVIDE (__init_array_start = .)

.init_array     0x00000000020128e0        0x4
 *(SORT_BY_NAME(.init_array.*))
 *(.init_array)
 .init_array    0x00000000020128e0        0x4 /opt/devkitpro/devkitARM/lib/gcc/arm-none-eabi/8.3.0/thumb/crtbegin.o
                0x00000000020128e4                PROVIDE (__init_array_end = .)
                [!provide]                        PROVIDE (__fini_array_start = .)

.fini_array     0x00000000020128e4        0x4
 *(.fini_array)
 .fini_array    0x00000000020128e4        0x4 /opt/devkitpro/devkitARM/lib/gcc/arm-none-eabi/8.3.0/thumb/crtbegin.o
 *(SORT_BY_NAME(.fini_array.*))
                [!provide]                        PROVIDE (__fini_array_end = .)

.ctors          0x00000000020128e8        0x0
 *crtbegin.o(.ctors)
 *(EXCLUDE_FILE(*crtend.o) .ctors)
 *(SORT_BY_NAME(.ctors.*))
 *(.ctors)
                0x00000000020128e8                . = ALIGN (0x4)

.dtors          0x00000000020128e8        0x0
 *crtbegin.o(.dtors)
 *(EXCLUDE_FILE(*crtend.o) .dtors)
 *(SORT_BY_NAME(.dtors.*))
 *(.dtors)
                0x00000000020128e8                . = ALIGN (0x4)

.eh_frame       0x00000000020128e8        0x4
 *(.eh_frame)
 .eh_frame      0x00000000020128e8        0x0 /opt/devkitpro/devkitARM/lib/gcc/arm-none-eabi/8.3.0/thumb/crtbegin.o
 .eh_frame      0x00000000020128e8        0x4 /opt/devkitpro/devkitARM/lib/gcc/arm-none-eabi/8.3.0/thumb/crtend.o
                0x00000000020128ec                . = ALIGN (0x4)

.rel.dyn        0x00000000020128ec        0x0
 .rel.iplt      0x00000000020128ec        0x0 /opt/devkitpro/devkitARM/lib/gcc/arm-none-eabi/8.3.0/../../../../arm-none-eabi/lib/thumb/ds_arm9_crt0.o

.gcc_except_table
                0x00000000020128ec        0x0
 *(.gcc_except_table)
                0x00000000020128ec                . = ALIGN (0x4)

.jcr
 *(.jcr)

.got
 *(.got.plt)
 *(.got)
 *(.rel.got)

.ewram          0x00000000020128ec        0x0
                0x00000000020128ec                __ewram_start = ABSOLUTE (.)
 *(.ewram)
 *ewram.*(.text)
                0x00000000020128ec                . = ALIGN (0x4)

.data           0x00000000020128ec     0x1bb8
                0x00000000020128ec                __data_start = ABSOLUTE (.)
 *(EXCLUDE_FILE(*.twl*) .data)
 .data          0x00000000020128ec       0x28 /opt/devkitpro/libnds/lib/libnds9.a(mpu_setup.o)
 *(EXCLUDE_FILE(*.twl*) .data.*)
 .data.currentConsole
                0x0000000002012914        0x4 /opt/devkitpro/libnds/lib/libnds9.a(console.o)
                0x0000000002012914                currentConsole
 .data.defaultConsole
                0x0000000002012918       0x5c /opt/devkitpro/libnds/lib/libnds9.a(console.o)
                0x0000000002012918                defaultConsole
 .data.firstConsoleInit.6889
                0x0000000002012974        0x1 /opt/devkitpro/libnds/lib/libnds9.a(console.o)
 .data.count    0x0000000002012975        0x1 /opt/devkitpro/libnds/lib/libnds9.a(keys.o)
 .data.delay    0x0000000002012976        0x1 /opt/devkitpro/libnds/lib/libnds9.a(keys.o)
 .data.repeat   0x0000000002012977        0x1 /opt/devkitpro/libnds/lib/libnds9.a(keys.o)
 .data.fifo_buffer_free
                0x0000000002012978        0x4 /opt/devkitpro/libnds/lib/libnds9.a(fifosystem.o)
                0x0000000002012978                fifo_buffer_free
 .data.fifo_freewords
                0x000000000201297c        0x4 /opt/devkitpro/libnds/lib/libnds9.a(fifosystem.o)
                0x000000000201297c                fifo_freewords
 .data.fifo_receive_queue
                0x0000000002012980        0x4 /opt/devkitpro/libnds/lib/libnds9.a(fifosystem.o)
                0x0000000002012980                fifo_receive_queue
 .data.fifo_send_queue
                0x0000000002012984        0x4 /opt/devkitpro/libnds/lib/libnds9.a(fifosystem.o)
                0x0000000002012984                fifo_send_queue
 .data.bgControl
                0x0000000002012988       0x20 /opt/devkitpro/libnds/lib/libnds9.a(background.o)
                0x0000000002012988                bgControl
 .data.bgScrollTable
                0x00000000020129a8       0x20 /opt/devkitpro/libnds/lib/libnds9.a(background.o)
                0x00000000020129a8                bgScrollTable
 .data.bgTransform
                0x00000000020129c8       0x20 /opt/devkitpro/libnds/lib/libnds9.a(background.o)
                0x00000000020129c8                bgTransform
 .data.__sfp_recursive_mutex
                0x00000000020129e8        0xc /opt/devkitpro/devkitARM/lib/gcc/arm-none-eabi/8.3.0/../../../../arm-none-eabi/lib/thumb/libg.a(lib_a-findfp.o)
 .data.__sinit_recursive_mutex
                0x00000000020129f4        0xc /opt/devkitpro/devkitARM/lib/gcc/arm-none-eabi/8.3.0/../../../../arm-none-eabi/lib/thumb/libg.a(lib_a-findfp.o)
 .data._impure_ptr
                0x0000000002012a00        0x4 /opt/devkitpro/devkitARM/lib/gcc/arm-none-eabi/8.3.0/../../../../arm-none-eabi/lib/thumb/libg.a(lib_a-impure.o)
                0x0000000002012a00                _impure_ptr
 *fill*         0x0000000002012a04        0x4 ff
 .data.impure_data
                0x0000000002012a08      0x460 /opt/devkitpro/devkitARM/lib/gcc/arm-none-eabi/8.3.0/../../../../arm-none-eabi/lib/thumb/libg.a(lib_a-impure.o)
 .data.__global_locale
                0x0000000002012e68      0x16c /opt/devkitpro/devkitARM/lib/gcc/arm-none-eabi/8.3.0/../../../../arm-none-eabi/lib/thumb/libg.a(lib_a-locale.o)
                0x0000000002012e68                __global_locale
 .data.__malloc_av_
                0x0000000002012fd4      0x408 /opt/devkitpro/devkitARM/lib/gcc/arm-none-eabi/8.3.0/../../../../arm-none-eabi/lib/thumb/libg.a(lib_a-mallocr.o)
                0x0000000002012fd4                __malloc_av_
 .data.__malloc_sbrk_base
                0x00000000020133dc        0x4 /opt/devkitpro/devkitARM/lib/gcc/arm-none-eabi/8.3.0/../../../../arm-none-eabi/lib/thumb/libg.a(lib_a-mallocr.o)
                0x00000000020133dc                __malloc_sbrk_base
 .data.__malloc_trim_threshold
                0x00000000020133e0        0x4 /opt/devkitpro/devkitARM/lib/gcc/arm-none-eabi/8.3.0/../../../../arm-none-eabi/lib/thumb/libg.a(lib_a-mallocr.o)
                0x00000000020133e0                __malloc_trim_threshold
 .data.__malloc_recursive_mutex
                0x00000000020133e4        0xc /opt/devkitpro/devkitARM/lib/gcc/arm-none-eabi/8.3.0/../../../../arm-none-eabi/lib/thumb/libg.a(lib_a-mlock.o)
 .data.devoptab_list
                0x00000000020133f0       0x8c /opt/devkitpro/devkitARM/lib/gcc/arm-none-eabi/8.3.0/../../../../arm-none-eabi/lib/thumb/libsysbase.a(iosupport.o)
                0x00000000020133f0                devoptab_list
 .data.__hndl_lock
                0x000000000201347c        0x4 /opt/devkitpro/devkitARM/lib/gcc/arm-none-eabi/8.3.0/../../../../arm-none-eabi/lib/thumb/libsysbase.a(handle_manager.o)
 .data.__stderr_handle
                0x0000000002013480        0xc /opt/devkitpro/devkitARM/lib/gcc/arm-none-eabi/8.3.0/../../../../arm-none-eabi/lib/thumb/libsysbase.a(handle_manager.o)
 .data.__stdin_handle
                0x000000000201348c        0xc /opt/devkitpro/devkitARM/lib/gcc/arm-none-eabi/8.3.0/../../../../arm-none-eabi/lib/thumb/libsysbase.a(handle_manager.o)
 .data.__stdout_handle
                0x0000000002013498        0xc /opt/devkitpro/devkitARM/lib/gcc/arm-none-eabi/8.3.0/../../../../arm-none-eabi/lib/thumb/libsysbase.a(handle_manager.o)
 .data.handles  0x00000000020134a4     0x1000 /opt/devkitpro/devkitARM/lib/gcc/arm-none-eabi/8.3.0/../../../../arm-none-eabi/lib/thumb/libsysbase.a(handle_manager.o)
 *(EXCLUDE_FILE(*.twl*) .gnu.linkonce.d*)
                0x00000000020144a4                . = ALIGN (0x4)
                0x00000000020144a4                __data_end = ABSOLUTE (.)
                0x00000000020144a4                __bss_vma = .

.igot.plt       0x00000000020144a4        0x0
 .igot.plt      0x00000000020144a4        0x0 /opt/devkitpro/devkitARM/lib/gcc/arm-none-eabi/8.3.0/../../../../arm-none-eabi/lib/thumb/ds_arm9_crt0.o

.tm_clone_table
                0x00000000020144a4        0x0
 .tm_clone_table
                0x00000000020144a4        0x0 /opt/devkitpro/devkitARM/lib/gcc/arm-none-eabi/8.3.0/thumb/crtbegin.o
 .tm_clone_table
                0x00000000020144a4        0x0 /opt/devkitpro/devkitARM/lib/gcc/arm-none-eabi/8.3.0/thumb/crtend.o

.dtcm           0x000000000b000000        0x0 load address 0x00000000020144a4
                0x00000000020144a4                __dtcm_lma = LOADADDR (.dtcm)
                0x000000000b000000                __dtcm_start = ABSOLUTE (.)
 *(.dtcm)
 *(.dtcm.*)
                0x000000000b000000                . = ALIGN (0x4)
                0x000000000b000000                __dtcm_end = ABSOLUTE (.)

.itcm           0x0000000001000100      0x194 load address 0x00000000020144a4
                0x00000000020144a4                __itcm_lma = LOADADDR (.itcm)
                0x0000000001000100                __itcm_start = ABSOLUTE (.)
 *(.itcm)
 .itcm          0x0000000001000100       0xc8 /opt/devkitpro/libnds/lib/libnds9.a(interrupts.o)
                0x0000000001000100                irqTable
 .itcm          0x00000000010001c8       0xcc /opt/devkitpro/libnds/lib/libnds9.a(interruptDispatcher.o)
                0x00000000010001c8                IntrMain
 *.itcm*(.text .stub .text.*)
                0x0000000001000294                . = ALIGN (0x4)
                0x0000000001000294                __itcm_end = ABSOLUTE (.)

.vectors        0x0000000001000000        0x0 load address 0x0000000002014638
                0x0000000002014638                __vectors_lma = LOADADDR (.vectors)
                0x0000000001000000                __vectors_start = ABSOLUTE (.)
 *(.vectors .vectors.*)
                0x0000000001000000                . = ALIGN (0x4)
                0x0000000001000000                __vectors_end = ABSOLUTE (.)

.sbss           0x000000000b000000        0x0
                0x000000000b000000                __sbss_start = ABSOLUTE (.)
                0x000000000b000000                __sbss_start__ = ABSOLUTE (.)
 *(.sbss)
                0x000000000b000000                . = ALIGN (0x4)
                0x000000000b000000                __sbss_end = ABSOLUTE (.)

.bss            0x00000000020144a4      0xca4
                0x00000000020144a4                __bss_start = ABSOLUTE (.)
                0x00000000020144a4                __bss_start__ = ABSOLUTE (.)
 *(EXCLUDE_FILE(*.twl*) .dynbss)
 *(EXCLUDE_FILE(*.twl*) .gnu.linkonce.b*)
 *(EXCLUDE_FILE(*.twl*) .bss*)
 .bss.completed.9044
                0x00000000020144a4        0x1 /opt/devkitpro/devkitARM/lib/gcc/arm-none-eabi/8.3.0/thumb/crtbegin.o
 *fill*         0x00000000020144a5        0x3 
 .bss.object.9049
                0x00000000020144a8       0x18 /opt/devkitpro/devkitARM/lib/gcc/arm-none-eabi/8.3.0/thumb/crtbegin.o
 .bss           0x00000000020144c0        0x4 main.o
                0x00000000020144c0                frame
 .bss.keys      0x00000000020144c4        0x2 /opt/devkitpro/libnds/lib/libnds9.a(keys.o)
 .bss.keysold   0x00000000020144c6        0x2 /opt/devkitpro/libnds/lib/libnds9.a(keys.o)
 .bss.keysrepeat
                0x00000000020144c8        0x2 /opt/devkitpro/libnds/lib/libnds9.a(keys.o)
 *fill*         0x00000000020144ca        0x2 
 .bss.processing
                0x00000000020144cc        0x4 /opt/devkitpro/libnds/lib/libnds9.a(fifosystem.o)
                0x00000000020144cc                processing
 .bss.SDcallback
                0x00000000020144d0        0x4 /opt/devkitpro/libnds/lib/libnds9.a(system.o)
 .bss.__malloc_current_mallinfo
                0x00000000020144d4       0x28 /opt/devkitpro/devkitARM/lib/gcc/arm-none-eabi/8.3.0/../../../../arm-none-eabi/lib/thumb/libg.a(lib_a-mallocr.o)
                0x00000000020144d4                __malloc_current_mallinfo
 .bss.__malloc_max_sbrked_mem
                0x00000000020144fc        0x4 /opt/devkitpro/devkitARM/lib/gcc/arm-none-eabi/8.3.0/../../../../arm-none-eabi/lib/thumb/libg.a(lib_a-mallocr.o)
                0x00000000020144fc                __malloc_max_sbrked_mem
 .bss.__malloc_max_total_mem
                0x0000000002014500        0x4 /opt/devkitpro/devkitARM/lib/gcc/arm-none-eabi/8.3.0/../../../../arm-none-eabi/lib/thumb/libg.a(lib_a-mallocr.o)
                0x0000000002014500                __malloc_max_total_mem
 .bss.__malloc_top_pad
                0x0000000002014504        0x4 /opt/devkitpro/devkitARM/lib/gcc/arm-none-eabi/8.3.0/../../../../arm-none-eabi/lib/thumb/libg.a(lib_a-mallocr.o)
                0x0000000002014504                __malloc_top_pad
 .bss.heap_start.6107
                0x0000000002014508        0x4 /opt/devkitpro/devkitARM/lib/gcc/arm-none-eabi/8.3.0/../../../../arm-none-eabi/lib/thumb/libsysbase.a(sbrk.o)
 .bss.fake_heap_end
                0x000000000201450c        0x4 /opt/devkitpro/devkitARM/lib/gcc/arm-none-eabi/8.3.0/../../../../arm-none-eabi/lib/thumb/libsysbase.a(malloc_vars.o)
                0x000000000201450c                fake_heap_end
 .bss.fake_heap_start
                0x0000000002014510        0x4 /opt/devkitpro/devkitARM/lib/gcc/arm-none-eabi/8.3.0/../../../../arm-none-eabi/lib/thumb/libsysbase.a(malloc_vars.o)
                0x0000000002014510                fake_heap_start
 .bss.__syscalls
                0x0000000002014514       0x48 /opt/devkitpro/devkitARM/lib/gcc/arm-none-eabi/8.3.0/../../../../arm-none-eabi/lib/thumb/libsysbase.a(syscall_support.o)
                0x0000000002014514                __syscalls
 *(EXCLUDE_FILE(*.twl*) COMMON)
 COMMON         0x000000000201455c       0x5c /opt/devkitpro/libnds/lib/libnds9.a(console.o)
                0x000000000201455c                currentCopy
 COMMON         0x00000000020145b8        0x1 /opt/devkitpro/libnds/lib/libnds9.a(initSystem.o)
                0x00000000020145b8                __dsimode
 *fill*         0x00000000020145b9        0x3 
 COMMON         0x00000000020145bc        0x4 /opt/devkitpro/libnds/lib/libnds9.a(timeSupport.o)
                0x00000000020145bc                punixTime
 COMMON         0x00000000020145c0      0xa40 /opt/devkitpro/libnds/lib/libnds9.a(fifosystem.o)
                0x00000000020145c0                fifo_datamsg_data
                0x0000000002014600                fifo_buffer
                0x0000000002014e00                fifo_value32_func
                0x0000000002014e40                fifo_address_func
                0x0000000002014e80                fifo_value32_data
                0x0000000002014ec0                fifo_value32_queue
                0x0000000002014f00                fifo_data_queue
                0x0000000002014f40                fifo_address_data
                0x0000000002014f80                fifo_datamsg_func
                0x0000000002014fc0                fifo_address_queue
 COMMON         0x0000000002015000      0x148 /opt/devkitpro/libnds/lib/libnds9.a(background.o)
                0x0000000002015000                bgState
                0x0000000002015140                bgIsTextLut
                0x0000000002015148                . = ALIGN (0x4)
                0x0000000002015148                __bss_end__ = ABSOLUTE (.)
                0x0000000002015148                __end__ = ABSOLUTE (.)

.twl            0x0000000002015148        0x0 load address 0x0000000002400000
                0x0000000002400000                __arm9i_lma__ = LOADADDR (.twl)
                0x0000000002015148                __arm9i_start__ = ABSOLUTE (.)
 *(.twl)
 *.twl*(.text .stub .text.* .gnu.linkonce.t.*)
 *.twl*(.rodata)
 *.twl*(.roda)
 *.twl*(.rodata.*)
 *.twl*(.data)
 *.twl*(.data.*)
 *.twl*(.gnu.linkonce.d*)
                0x0000000002015148                __arm9i_end__ = ABSOLUTE (.)

.twl_bss        0x0000000002015148        0x0
                0x0000000002015148                __twl_bss_start__ = ABSOLUTE (.)
 *(.twl_bss)
 *.twl*(.dynbss)
 *.twl*(.gnu.linkonce.b*)
 *.twl*(.bss*)
 *.twl*(COMMON)
                0x0000000002015148                . = ALIGN (0x4)
                0x0000000002015148                __twl_bss_end__ = ABSOLUTE (.)
                0x0000000002015148                __twl_end__ = ABSOLUTE (.)

.stab
 *(.stab)

.stabstr
 *(.stabstr)

.stab.excl
 *(.stab.excl)

.stab.exclstr
 *(.stab.exclstr)

.stab.index
 *(.stab.index)

.stab.indexstr
 *(.stab.indexstr)

.comment        0x0000000000000000       0x46
 *(.comment)
 .comment       0x0000000000000000       0x24 /opt/devkitpro/devkitARM/lib/gcc/arm-none-eabi/8.3.0/thumb/crtbegin.o
                                         0x25 (size before relaxing)
 .comment       0x0000000000000024       0x25 main.o
 .comment       0x0000000000000024       0x22 /opt/devkitpro/libnds/lib/libnds9.a(touch.o)
                                         0x23 (size before relaxing)
 .comment       0x0000000000000046       0x23 /opt/devkitpro/libnds/lib/libnds9.a(console.o)
 .comment       0x0000000000000046       0x23 /opt/devkitpro/libnds/lib/libnds9.a(keys.o)
 .comment       0x0000000000000046       0x23 /opt/devkitpro/libnds/lib/libnds9.a(initSystem.o)
 .comment       0x0000000000000046       0x23 /opt/devkitpro/libnds/lib/libnds9.a(timeSupport.o)
 .comment       0x0000000000000046       0x23 /opt/devkitpro/libnds/lib/libnds9.a(securearea.o)
 .comment       0x0000000000000046       0x23 /opt/devkitpro/libnds/lib/libnds9.a(interrupts.o)
 .comment       0x0000000000000046       0x23 /opt/devkitpro/libnds/lib/libnds9.a(libnds_exit.arm.o)
 .comment       0x0000000000000046       0x23 /opt/devkitpro/libnds/lib/libnds9.a(fifosystem.o)
 .comment       0x0000000000000046       0x23 /opt/devkitpro/libnds/lib/libnds9.a(background.o)
 .comment       0x0000000000000046       0x23 /opt/devkitpro/libnds/lib/libnds9.a(video.o)
 .comment       0x0000000000000046       0x23 /opt/devkitpro/libnds/lib/libnds9.a(system.o)
 .comment       0x0000000000000046       0x23 /opt/devkitpro/libnds/lib/libnds9.a(trig.o)
 .comment       0x0000000000000046       0x25 /opt/devkitpro/devkitARM/lib/gcc/arm-none-eabi/8.3.0/../../../../arm-none-eabi/lib/thumb/libg.a(lib_a-init.o)
 .comment       0x0000000000000046       0x25 /opt/devkitpro/devkitARM/lib/gcc/arm-none-eabi/8.3.0/../../../../arm-none-eabi/lib/thumb/libg.a(lib_a-iprintf.o)
 .comment       0x0000000000000046       0x25 /opt/devkitpro/devkitARM/lib/gcc/arm-none-eabi/8.3.0/../../../../arm-none-eabi/lib/thumb/libg.a(lib_a-memcpy-stub.o)
 .comment       0x0000000000000046       0x25 /opt/devkitpro/devkitARM/lib/gcc/arm-none-eabi/8.3.0/../../../../arm-none-eabi/lib/thumb/libg.a(lib_a-memset.o)
 .comment       0x0000000000000046       0x25 /opt/devkitpro/devkitARM/lib/gcc/arm-none-eabi/8.3.0/../../../../arm-none-eabi/lib/thumb/libg.a(lib_a-setvbuf.o)
 .comment       0x0000000000000046       0x25 /opt/devkitpro/devkitARM/lib/gcc/arm-none-eabi/8.3.0/../../../../arm-none-eabi/lib/thumb/libg.a(lib_a-siscanf.o)
 .comment       0x0000000000000046       0x25 /opt/devkitpro/devkitARM/lib/gcc/arm-none-eabi/8.3.0/../../../../arm-none-eabi/lib/thumb/libg.a(lib_a-stdio.o)
 .comment       0x0000000000000046       0x25 /opt/devkitpro/devkitARM/lib/gcc/arm-none-eabi/8.3.0/../../../../arm-none-eabi/lib/thumb/libg.a(lib_a-strlen-stub.o)
 .comment       0x0000000000000046       0x25 /opt/devkitpro/devkitARM/lib/gcc/arm-none-eabi/8.3.0/../../../../arm-none-eabi/lib/thumb/libg.a(lib_a-svfiscanf.o)
 .comment       0x0000000000000046       0x25 /opt/devkitpro/devkitARM/lib/gcc/arm-none-eabi/8.3.0/../../../../arm-none-eabi/lib/thumb/libg.a(lib_a-ungetc.o)
 .comment       0x0000000000000046       0x25 /opt/devkitpro/devkitARM/lib/gcc/arm-none-eabi/8.3.0/../../../../arm-none-eabi/lib/thumb/libg.a(lib_a-vfiprintf.o)
 .comment       0x0000000000000046       0x25 /opt/devkitpro/devkitARM/lib/gcc/arm-none-eabi/8.3.0/../../../../arm-none-eabi/lib/thumb/libg.a(lib_a-wcrtomb.o)
 .comment       0x0000000000000046       0x25 /opt/devkitpro/devkitARM/lib/gcc/arm-none-eabi/8.3.0/../../../../arm-none-eabi/lib/thumb/libg.a(lib_a-wcsrtombs.o)
 .comment       0x0000000000000046       0x25 /opt/devkitpro/devkitARM/lib/gcc/arm-none-eabi/8.3.0/../../../../arm-none-eabi/lib/thumb/libg.a(lib_a-wsetup.o)
 .comment       0x0000000000000046       0x25 /opt/devkitpro/devkitARM/lib/gcc/arm-none-eabi/8.3.0/../../../../arm-none-eabi/lib/thumb/libg.a(lib_a-ctype_.o)
 .comment       0x0000000000000046       0x25 /opt/devkitpro/devkitARM/lib/gcc/arm-none-eabi/8.3.0/../../../../arm-none-eabi/lib/thumb/libg.a(lib_a-fflush.o)
 .comment       0x0000000000000046       0x25 /opt/devkitpro/devkitARM/lib/gcc/arm-none-eabi/8.3.0/../../../../arm-none-eabi/lib/thumb/libg.a(lib_a-findfp.o)
 .comment       0x0000000000000046       0x25 /opt/devkitpro/devkitARM/lib/gcc/arm-none-eabi/8.3.0/../../../../arm-none-eabi/lib/thumb/libg.a(lib_a-freer.o)
 .comment       0x0000000000000046       0x25 /opt/devkitpro/devkitARM/lib/gcc/arm-none-eabi/8.3.0/../../../../arm-none-eabi/lib/thumb/libg.a(lib_a-fvwrite.o)
 .comment       0x0000000000000046       0x25 /opt/devkitpro/devkitARM/lib/gcc/arm-none-eabi/8.3.0/../../../../arm-none-eabi/lib/thumb/libg.a(lib_a-fwalk.o)
 .comment       0x0000000000000046       0x25 /opt/devkitpro/devkitARM/lib/gcc/arm-none-eabi/8.3.0/../../../../arm-none-eabi/lib/thumb/libg.a(lib_a-impure.o)
 .comment       0x0000000000000046       0x25 /opt/devkitpro/devkitARM/lib/gcc/arm-none-eabi/8.3.0/../../../../arm-none-eabi/lib/thumb/libg.a(lib_a-iswspace.o)
 .comment       0x0000000000000046       0x25 /opt/devkitpro/devkitARM/lib/gcc/arm-none-eabi/8.3.0/../../../../arm-none-eabi/lib/thumb/libg.a(lib_a-localeconv.o)
 .comment       0x0000000000000046       0x25 /opt/devkitpro/devkitARM/lib/gcc/arm-none-eabi/8.3.0/../../../../arm-none-eabi/lib/thumb/libg.a(lib_a-locale.o)
 .comment       0x0000000000000046       0x25 /opt/devkitpro/devkitARM/lib/gcc/arm-none-eabi/8.3.0/../../../../arm-none-eabi/lib/thumb/libg.a(lib_a-makebuf.o)
 .comment       0x0000000000000046       0x25 /opt/devkitpro/devkitARM/lib/gcc/arm-none-eabi/8.3.0/../../../../arm-none-eabi/lib/thumb/libg.a(lib_a-malloc.o)
 .comment       0x0000000000000046       0x25 /opt/devkitpro/devkitARM/lib/gcc/arm-none-eabi/8.3.0/../../../../arm-none-eabi/lib/thumb/libg.a(lib_a-mallocr.o)
 .comment       0x0000000000000046       0x25 /opt/devkitpro/devkitARM/lib/gcc/arm-none-eabi/8.3.0/../../../../arm-none-eabi/lib/thumb/libg.a(lib_a-mbrtowc.o)
 .comment       0x0000000000000046       0x25 /opt/devkitpro/devkitARM/lib/gcc/arm-none-eabi/8.3.0/../../../../arm-none-eabi/lib/thumb/libg.a(lib_a-mbtowc_r.o)
 .comment       0x0000000000000046       0x25 /opt/devkitpro/devkitARM/lib/gcc/arm-none-eabi/8.3.0/../../../../arm-none-eabi/lib/thumb/libg.a(lib_a-memchr-stub.o)
 .comment       0x0000000000000046       0x25 /opt/devkitpro/devkitARM/lib/gcc/arm-none-eabi/8.3.0/../../../../arm-none-eabi/lib/thumb/libg.a(lib_a-memmove.o)
 .comment       0x0000000000000046       0x25 /opt/devkitpro/devkitARM/lib/gcc/arm-none-eabi/8.3.0/../../../../arm-none-eabi/lib/thumb/libg.a(lib_a-mlock.o)
 .comment       0x0000000000000046       0x25 /opt/devkitpro/devkitARM/lib/gcc/arm-none-eabi/8.3.0/../../../../arm-none-eabi/lib/thumb/libg.a(lib_a-realloc.o)
 .comment       0x0000000000000046       0x25 /opt/devkitpro/devkitARM/lib/gcc/arm-none-eabi/8.3.0/../../../../arm-none-eabi/lib/thumb/libg.a(lib_a-reallocr.o)
 .comment       0x0000000000000046       0x25 /opt/devkitpro/devkitARM/lib/gcc/arm-none-eabi/8.3.0/../../../../arm-none-eabi/lib/thumb/libg.a(lib_a-sccl.o)
 .comment       0x0000000000000046       0x25 /opt/devkitpro/devkitARM/lib/gcc/arm-none-eabi/8.3.0/../../../../arm-none-eabi/lib/thumb/libg.a(lib_a-strncpy.o)
 .comment       0x0000000000000046       0x25 /opt/devkitpro/devkitARM/lib/gcc/arm-none-eabi/8.3.0/../../../../arm-none-eabi/lib/thumb/libg.a(lib_a-strtoll.o)
 .comment       0x0000000000000046       0x25 /opt/devkitpro/devkitARM/lib/gcc/arm-none-eabi/8.3.0/../../../../arm-none-eabi/lib/thumb/libg.a(lib_a-strtol.o)
 .comment       0x0000000000000046       0x25 /opt/devkitpro/devkitARM/lib/gcc/arm-none-eabi/8.3.0/../../../../arm-none-eabi/lib/thumb/libg.a(lib_a-strtoull.o)
 .comment       0x0000000000000046       0x25 /opt/devkitpro/devkitARM/lib/gcc/arm-none-eabi/8.3.0/../../../../arm-none-eabi/lib/thumb/libg.a(lib_a-strtoul.o)
 .comment       0x0000000000000046       0x25 /opt/devkitpro/devkitARM/lib/gcc/arm-none-eabi/8.3.0/../../../../arm-none-eabi/lib/thumb/libg.a(lib_a-svfiprintf.o)
 .comment       0x0000000000000046       0x25 /opt/devkitpro/devkitARM/lib/gcc/arm-none-eabi/8.3.0/../../../../arm-none-eabi/lib/thumb/libg.a(lib_a-wcsnrtombs.o)
 .comment       0x0000000000000046       0x25 /opt/devkitpro/devkitARM/lib/gcc/arm-none-eabi/8.3.0/../../../../arm-none-eabi/lib/thumb/libg.a(lib_a-wctomb_r.o)
 .comment       0x0000000000000046       0x25 /opt/devkitpro/devkitARM/lib/gcc/arm-none-eabi/8.3.0/../../../../arm-none-eabi/lib/thumb/libg.a(lib_a-fclose.o)
 .comment       0x0000000000000046       0x25 /opt/devkitpro/devkitARM/lib/gcc/arm-none-eabi/8.3.0/../../../../arm-none-eabi/lib/thumb/libg.a(lib_a-iswspace_l.o)
 .comment       0x0000000000000046       0x25 /opt/devkitpro/devkitARM/lib/gcc/arm-none-eabi/8.3.0/../../../../arm-none-eabi/lib/thumb/libg.a(lib_a-jp2uc.o)
 .comment       0x0000000000000046       0x25 /opt/devkitpro/devkitARM/lib/gcc/arm-none-eabi/8.3.0/../../../../arm-none-eabi/lib/thumb/libg.a(lib_a-categories.o)
 .comment       0x0000000000000046       0x25 /opt/devkitpro/devkitARM/lib/gcc/arm-none-eabi/8.3.0/../../../../arm-none-eabi/lib/thumb/libsysbase.a(iosupport.o)
 .comment       0x0000000000000046       0x25 /opt/devkitpro/devkitARM/lib/gcc/arm-none-eabi/8.3.0/../../../../arm-none-eabi/lib/thumb/libsysbase.a(close.o)
 .comment       0x0000000000000046       0x25 /opt/devkitpro/devkitARM/lib/gcc/arm-none-eabi/8.3.0/../../../../arm-none-eabi/lib/thumb/libsysbase.a(fstat.o)
 .comment       0x0000000000000046       0x25 /opt/devkitpro/devkitARM/lib/gcc/arm-none-eabi/8.3.0/../../../../arm-none-eabi/lib/thumb/libsysbase.a(isatty.o)
 .comment       0x0000000000000046       0x25 /opt/devkitpro/devkitARM/lib/gcc/arm-none-eabi/8.3.0/../../../../arm-none-eabi/lib/thumb/libsysbase.a(lseek.o)
 .comment       0x0000000000000046       0x25 /opt/devkitpro/devkitARM/lib/gcc/arm-none-eabi/8.3.0/../../../../arm-none-eabi/lib/thumb/libsysbase.a(read.o)
 .comment       0x0000000000000046       0x25 /opt/devkitpro/devkitARM/lib/gcc/arm-none-eabi/8.3.0/../../../../arm-none-eabi/lib/thumb/libsysbase.a(sbrk.o)
 .comment       0x0000000000000046       0x25 /opt/devkitpro/devkitARM/lib/gcc/arm-none-eabi/8.3.0/../../../../arm-none-eabi/lib/thumb/libsysbase.a(write.o)
 .comment       0x0000000000000046       0x25 /opt/devkitpro/devkitARM/lib/gcc/arm-none-eabi/8.3.0/../../../../arm-none-eabi/lib/thumb/libsysbase.a(malloc_vars.o)
 .comment       0x0000000000000046       0x25 /opt/devkitpro/devkitARM/lib/gcc/arm-none-eabi/8.3.0/../../../../arm-none-eabi/lib/thumb/libsysbase.a(build_argv.o)
 .comment       0x0000000000000046       0x25 /opt/devkitpro/devkitARM/lib/gcc/arm-none-eabi/8.3.0/../../../../arm-none-eabi/lib/thumb/libsysbase.a(flock.o)
 .comment       0x0000000000000046       0x25 /opt/devkitpro/devkitARM/lib/gcc/arm-none-eabi/8.3.0/../../../../arm-none-eabi/lib/thumb/libsysbase.a(syscall_support.o)
 .comment       0x0000000000000046       0x25 /opt/devkitpro/devkitARM/lib/gcc/arm-none-eabi/8.3.0/../../../../arm-none-eabi/lib/thumb/libsysbase.a(handle_manager.o)
 .comment       0x0000000000000046       0x25 /opt/devkitpro/devkitARM/lib/gcc/arm-none-eabi/8.3.0/../../../../arm-none-eabi/lib/thumb/libsysbase.a(getreent.o)
 .comment       0x0000000000000046       0x25 /opt/devkitpro/devkitARM/lib/gcc/arm-none-eabi/8.3.0/thumb/libgcc.a(_muldi3.o)
 .comment       0x0000000000000046       0x25 /opt/devkitpro/devkitARM/lib/gcc/arm-none-eabi/8.3.0/thumb/libgcc.a(_udivmoddi4.o)
 .comment       0x0000000000000046       0x25 /opt/devkitpro/devkitARM/lib/gcc/arm-none-eabi/8.3.0/thumb/crtend.o

.ARM.attributes
                0x0000000000000000       0x2d
 .ARM.attributes
                0x0000000000000000       0x21 /opt/devkitpro/devkitARM/lib/gcc/arm-none-eabi/8.3.0/../../../../arm-none-eabi/lib/thumb/ds_arm9_crt0.o
 .ARM.attributes
                0x0000000000000021       0x1c /opt/devkitpro/devkitARM/lib/gcc/arm-none-eabi/8.3.0/thumb/crti.o
 .ARM.attributes
                0x000000000000003d       0x2a /opt/devkitpro/devkitARM/lib/gcc/arm-none-eabi/8.3.0/thumb/crtbegin.o
 .ARM.attributes
                0x0000000000000067       0x27 main.o
 .ARM.attributes
                0x000000000000008e       0x2b /opt/devkitpro/libnds/lib/libnds9.a(touch.o)
 .ARM.attributes
                0x00000000000000b9       0x2b /opt/devkitpro/libnds/lib/libnds9.a(console.o)
 .ARM.attributes
                0x00000000000000e4       0x2b /opt/devkitpro/libnds/lib/libnds9.a(keys.o)
 .ARM.attributes
                0x000000000000010f       0x2b /opt/devkitpro/libnds/lib/libnds9.a(initSystem.o)
 .ARM.attributes
                0x000000000000013a       0x2b /opt/devkitpro/libnds/lib/libnds9.a(timeSupport.o)
 .ARM.attributes
                0x0000000000000165       0x2b /opt/devkitpro/libnds/lib/libnds9.a(securearea.o)
 .ARM.attributes
                0x0000000000000190       0x2b /opt/devkitpro/libnds/lib/libnds9.a(interrupts.o)
 .ARM.attributes
                0x00000000000001bb       0x2b /opt/devkitpro/libnds/lib/libnds9.a(libnds_exit.arm.o)
 .ARM.attributes
                0x00000000000001e6       0x2b /opt/devkitpro/libnds/lib/libnds9.a(fifosystem.o)
 .ARM.attributes
                0x0000000000000211       0x21 /opt/devkitpro/libnds/lib/libnds9.a(mpu_setup.o)
 .ARM.attributes
                0x0000000000000232       0x21 /opt/devkitpro/libnds/lib/libnds9.a(IntrWait.o)
 .ARM.attributes
                0x0000000000000253       0x21 /opt/devkitpro/libnds/lib/libnds9.a(cpu_clock.o)
 .ARM.attributes
                0x0000000000000274       0x1b /opt/devkitpro/libnds/lib/libnds9.a(interruptDispatcher.o)
 .ARM.attributes
                0x000000000000028f       0x21 /opt/devkitpro/libnds/lib/libnds9.a(swiSoftReset.o)
 .ARM.attributes
                0x00000000000002b0       0x14 /opt/devkitpro/libnds/lib/libnds9.a(default_font.bin.o)
 .ARM.attributes
                0x00000000000002c4       0x2b /opt/devkitpro/libnds/lib/libnds9.a(background.o)
 .ARM.attributes
                0x00000000000002ef       0x2b /opt/devkitpro/libnds/lib/libnds9.a(video.o)
 .ARM.attributes
                0x000000000000031a       0x2b /opt/devkitpro/libnds/lib/libnds9.a(system.o)
 .ARM.attributes
                0x0000000000000345       0x2b /opt/devkitpro/libnds/lib/libnds9.a(trig.o)
 .ARM.attributes
                0x0000000000000370       0x1b /opt/devkitpro/libnds/lib/libnds9.a(biosCalls.o)
 .ARM.attributes
                0x000000000000038b       0x1c /opt/devkitpro/devkitARM/lib/gcc/arm-none-eabi/8.3.0/thumb/libgcc.a(_divsi3.o)
 .ARM.attributes
                0x00000000000003a7       0x1c /opt/devkitpro/devkitARM/lib/gcc/arm-none-eabi/8.3.0/thumb/libgcc.a(_dvmd_tls.o)
 .ARM.attributes
                0x00000000000003c3       0x2a /opt/devkitpro/devkitARM/lib/gcc/arm-none-eabi/8.3.0/../../../../arm-none-eabi/lib/thumb/libg.a(lib_a-init.o)
 .ARM.attributes
                0x00000000000003ed       0x2a /opt/devkitpro/devkitARM/lib/gcc/arm-none-eabi/8.3.0/../../../../arm-none-eabi/lib/thumb/libg.a(lib_a-iprintf.o)
 .ARM.attributes
                0x0000000000000417       0x2a /opt/devkitpro/devkitARM/lib/gcc/arm-none-eabi/8.3.0/../../../../arm-none-eabi/lib/thumb/libg.a(lib_a-memcpy-stub.o)
 .ARM.attributes
                0x0000000000000441       0x2a /opt/devkitpro/devkitARM/lib/gcc/arm-none-eabi/8.3.0/../../../../arm-none-eabi/lib/thumb/libg.a(lib_a-memset.o)
 .ARM.attributes
                0x000000000000046b       0x2a /opt/devkitpro/devkitARM/lib/gcc/arm-none-eabi/8.3.0/../../../../arm-none-eabi/lib/thumb/libg.a(lib_a-setvbuf.o)
 .ARM.attributes
                0x0000000000000495       0x2a /opt/devkitpro/devkitARM/lib/gcc/arm-none-eabi/8.3.0/../../../../arm-none-eabi/lib/thumb/libg.a(lib_a-siscanf.o)
 .ARM.attributes
                0x00000000000004bf       0x2a /opt/devkitpro/devkitARM/lib/gcc/arm-none-eabi/8.3.0/../../../../arm-none-eabi/lib/thumb/libg.a(lib_a-stdio.o)
 .ARM.attributes
                0x00000000000004e9       0x2a /opt/devkitpro/devkitARM/lib/gcc/arm-none-eabi/8.3.0/../../../../arm-none-eabi/lib/thumb/libg.a(lib_a-strlen-stub.o)
 .ARM.attributes
                0x0000000000000513       0x2a /opt/devkitpro/devkitARM/lib/gcc/arm-none-eabi/8.3.0/../../../../arm-none-eabi/lib/thumb/libg.a(lib_a-svfiscanf.o)
 .ARM.attributes
                0x000000000000053d       0x2a /opt/devkitpro/devkitARM/lib/gcc/arm-none-eabi/8.3.0/../../../../arm-none-eabi/lib/thumb/libg.a(lib_a-ungetc.o)
 .ARM.attributes
                0x0000000000000567       0x2a /opt/devkitpro/devkitARM/lib/gcc/arm-none-eabi/8.3.0/../../../../arm-none-eabi/lib/thumb/libg.a(lib_a-vfiprintf.o)
 .ARM.attributes
                0x0000000000000591       0x2a /opt/devkitpro/devkitARM/lib/gcc/arm-none-eabi/8.3.0/../../../../arm-none-eabi/lib/thumb/libg.a(lib_a-wcrtomb.o)
 .ARM.attributes
                0x00000000000005bb       0x2a /opt/devkitpro/devkitARM/lib/gcc/arm-none-eabi/8.3.0/../../../../arm-none-eabi/lib/thumb/libg.a(lib_a-wcsrtombs.o)
 .ARM.attributes
                0x00000000000005e5       0x2a /opt/devkitpro/devkitARM/lib/gcc/arm-none-eabi/8.3.0/../../../../arm-none-eabi/lib/thumb/libg.a(lib_a-wsetup.o)
 .ARM.attributes
                0x000000000000060f       0x2a /opt/devkitpro/devkitARM/lib/gcc/arm-none-eabi/8.3.0/../../../../arm-none-eabi/lib/thumb/libg.a(lib_a-ctype_.o)
 .ARM.attributes
                0x0000000000000639       0x2a /opt/devkitpro/devkitARM/lib/gcc/arm-none-eabi/8.3.0/../../../../arm-none-eabi/lib/thumb/libg.a(lib_a-fflush.o)
 .ARM.attributes
                0x0000000000000663       0x2a /opt/devkitpro/devkitARM/lib/gcc/arm-none-eabi/8.3.0/../../../../arm-none-eabi/lib/thumb/libg.a(lib_a-findfp.o)
 .ARM.attributes
                0x000000000000068d       0x2a /opt/devkitpro/devkitARM/lib/gcc/arm-none-eabi/8.3.0/../../../../arm-none-eabi/lib/thumb/libg.a(lib_a-freer.o)
 .ARM.attributes
                0x00000000000006b7       0x2a /opt/devkitpro/devkitARM/lib/gcc/arm-none-eabi/8.3.0/../../../../arm-none-eabi/lib/thumb/libg.a(lib_a-fvwrite.o)
 .ARM.attributes
                0x00000000000006e1       0x2a /opt/devkitpro/devkitARM/lib/gcc/arm-none-eabi/8.3.0/../../../../arm-none-eabi/lib/thumb/libg.a(lib_a-fwalk.o)
 .ARM.attributes
                0x000000000000070b       0x30 /opt/devkitpro/devkitARM/lib/gcc/arm-none-eabi/8.3.0/../../../../arm-none-eabi/lib/thumb/libg.a(lib_a-impure.o)
 .ARM.attributes
                0x000000000000073b       0x2a /opt/devkitpro/devkitARM/lib/gcc/arm-none-eabi/8.3.0/../../../../arm-none-eabi/lib/thumb/libg.a(lib_a-iswspace.o)
 .ARM.attributes
                0x0000000000000765       0x2a /opt/devkitpro/devkitARM/lib/gcc/arm-none-eabi/8.3.0/../../../../arm-none-eabi/lib/thumb/libg.a(lib_a-localeconv.o)
 .ARM.attributes
                0x000000000000078f       0x2a /opt/devkitpro/devkitARM/lib/gcc/arm-none-eabi/8.3.0/../../../../arm-none-eabi/lib/thumb/libg.a(lib_a-locale.o)
 .ARM.attributes
                0x00000000000007b9       0x2a /opt/devkitpro/devkitARM/lib/gcc/arm-none-eabi/8.3.0/../../../../arm-none-eabi/lib/thumb/libg.a(lib_a-makebuf.o)
 .ARM.attributes
                0x00000000000007e3       0x2a /opt/devkitpro/devkitARM/lib/gcc/arm-none-eabi/8.3.0/../../../../arm-none-eabi/lib/thumb/libg.a(lib_a-malloc.o)
 .ARM.attributes
                0x000000000000080d       0x2a /opt/devkitpro/devkitARM/lib/gcc/arm-none-eabi/8.3.0/../../../../arm-none-eabi/lib/thumb/libg.a(lib_a-mallocr.o)
 .ARM.attributes
                0x0000000000000837       0x2a /opt/devkitpro/devkitARM/lib/gcc/arm-none-eabi/8.3.0/../../../../arm-none-eabi/lib/thumb/libg.a(lib_a-mbrtowc.o)
 .ARM.attributes
                0x0000000000000861       0x2a /opt/devkitpro/devkitARM/lib/gcc/arm-none-eabi/8.3.0/../../../../arm-none-eabi/lib/thumb/libg.a(lib_a-mbtowc_r.o)
 .ARM.attributes
                0x000000000000088b       0x2a /opt/devkitpro/devkitARM/lib/gcc/arm-none-eabi/8.3.0/../../../../arm-none-eabi/lib/thumb/libg.a(lib_a-memchr-stub.o)
 .ARM.attributes
                0x00000000000008b5       0x2a /opt/devkitpro/devkitARM/lib/gcc/arm-none-eabi/8.3.0/../../../../arm-none-eabi/lib/thumb/libg.a(lib_a-memmove.o)
 .ARM.attributes
                0x00000000000008df       0x2a /opt/devkitpro/devkitARM/lib/gcc/arm-none-eabi/8.3.0/../../../../arm-none-eabi/lib/thumb/libg.a(lib_a-mlock.o)
 .ARM.attributes
                0x0000000000000909       0x2a /opt/devkitpro/devkitARM/lib/gcc/arm-none-eabi/8.3.0/../../../../arm-none-eabi/lib/thumb/libg.a(lib_a-realloc.o)
 .ARM.attributes
                0x0000000000000933       0x2a /opt/devkitpro/devkitARM/lib/gcc/arm-none-eabi/8.3.0/../../../../arm-none-eabi/lib/thumb/libg.a(lib_a-reallocr.o)
 .ARM.attributes
                0x000000000000095d       0x2a /opt/devkitpro/devkitARM/lib/gcc/arm-none-eabi/8.3.0/../../../../arm-none-eabi/lib/thumb/libg.a(lib_a-sccl.o)
 .ARM.attributes
                0x0000000000000987       0x1a /opt/devkitpro/devkitARM/lib/gcc/arm-none-eabi/8.3.0/../../../../arm-none-eabi/lib/thumb/libg.a(lib_a-strcmp.o)
 .ARM.attributes
                0x00000000000009a1       0x2a /opt/devkitpro/devkitARM/lib/gcc/arm-none-eabi/8.3.0/../../../../arm-none-eabi/lib/thumb/libg.a(lib_a-strncpy.o)
 .ARM.attributes
                0x00000000000009cb       0x2a /opt/devkitpro/devkitARM/lib/gcc/arm-none-eabi/8.3.0/../../../../arm-none-eabi/lib/thumb/libg.a(lib_a-strtoll.o)
 .ARM.attributes
                0x00000000000009f5       0x2a /opt/devkitpro/devkitARM/lib/gcc/arm-none-eabi/8.3.0/../../../../arm-none-eabi/lib/thumb/libg.a(lib_a-strtol.o)
 .ARM.attributes
                0x0000000000000a1f       0x2a /opt/devkitpro/devkitARM/lib/gcc/arm-none-eabi/8.3.0/../../../../arm-none-eabi/lib/thumb/libg.a(lib_a-strtoull.o)
 .ARM.attributes
                0x0000000000000a49       0x2a /opt/devkitpro/devkitARM/lib/gcc/arm-none-eabi/8.3.0/../../../../arm-none-eabi/lib/thumb/libg.a(lib_a-strtoul.o)
 .ARM.attributes
                0x0000000000000a73       0x2a /opt/devkitpro/devkitARM/lib/gcc/arm-none-eabi/8.3.0/../../../../arm-none-eabi/lib/thumb/libg.a(lib_a-svfiprintf.o)
 .ARM.attributes
                0x0000000000000a9d       0x2a /opt/devkitpro/devkitARM/lib/gcc/arm-none-eabi/8.3.0/../../../../arm-none-eabi/lib/thumb/libg.a(lib_a-wcsnrtombs.o)
 .ARM.attributes
                0x0000000000000ac7       0x2a /opt/devkitpro/devkitARM/lib/gcc/arm-none-eabi/8.3.0/../../../../arm-none-eabi/lib/thumb/libg.a(lib_a-wctomb_r.o)
 .ARM.attributes
                0x0000000000000af1       0x2a /opt/devkitpro/devkitARM/lib/gcc/arm-none-eabi/8.3.0/../../../../arm-none-eabi/lib/thumb/libg.a(lib_a-fclose.o)
 .ARM.attributes
                0x0000000000000b1b       0x2a /opt/devkitpro/devkitARM/lib/gcc/arm-none-eabi/8.3.0/../../../../arm-none-eabi/lib/thumb/libg.a(lib_a-iswspace_l.o)
 .ARM.attributes
                0x0000000000000b45       0x2a /opt/devkitpro/devkitARM/lib/gcc/arm-none-eabi/8.3.0/../../../../arm-none-eabi/lib/thumb/libg.a(lib_a-jp2uc.o)
 .ARM.attributes
                0x0000000000000b6f       0x2a /opt/devkitpro/devkitARM/lib/gcc/arm-none-eabi/8.3.0/../../../../arm-none-eabi/lib/thumb/libg.a(lib_a-categories.o)
 .ARM.attributes
                0x0000000000000b99       0x2a /opt/devkitpro/devkitARM/lib/gcc/arm-none-eabi/8.3.0/../../../../arm-none-eabi/lib/thumb/libsysbase.a(iosupport.o)
 .ARM.attributes
                0x0000000000000bc3       0x2a /opt/devkitpro/devkitARM/lib/gcc/arm-none-eabi/8.3.0/../../../../arm-none-eabi/lib/thumb/libsysbase.a(close.o)
 .ARM.attributes
                0x0000000000000bed       0x2a /opt/devkitpro/devkitARM/lib/gcc/arm-none-eabi/8.3.0/../../../../arm-none-eabi/lib/thumb/libsysbase.a(fstat.o)
 .ARM.attributes
                0x0000000000000c17       0x2a /opt/devkitpro/devkitARM/lib/gcc/arm-none-eabi/8.3.0/../../../../arm-none-eabi/lib/thumb/libsysbase.a(isatty.o)
 .ARM.attributes
                0x0000000000000c41       0x2a /opt/devkitpro/devkitARM/lib/gcc/arm-none-eabi/8.3.0/../../../../arm-none-eabi/lib/thumb/libsysbase.a(lseek.o)
 .ARM.attributes
                0x0000000000000c6b       0x2a /opt/devkitpro/devkitARM/lib/gcc/arm-none-eabi/8.3.0/../../../../arm-none-eabi/lib/thumb/libsysbase.a(read.o)
 .ARM.attributes
                0x0000000000000c95       0x2a /opt/devkitpro/devkitARM/lib/gcc/arm-none-eabi/8.3.0/../../../../arm-none-eabi/lib/thumb/libsysbase.a(sbrk.o)
 .ARM.attributes
                0x0000000000000cbf       0x2a /opt/devkitpro/devkitARM/lib/gcc/arm-none-eabi/8.3.0/../../../../arm-none-eabi/lib/thumb/libsysbase.a(write.o)
 .ARM.attributes
                0x0000000000000ce9       0x30 /opt/devkitpro/devkitARM/lib/gcc/arm-none-eabi/8.3.0/../../../../arm-none-eabi/lib/thumb/libsysbase.a(malloc_vars.o)
 .ARM.attributes
                0x0000000000000d19       0x2a /opt/devkitpro/devkitARM/lib/gcc/arm-none-eabi/8.3.0/../../../../arm-none-eabi/lib/thumb/libsysbase.a(build_argv.o)
 .ARM.attributes
                0x0000000000000d43       0x2a /opt/devkitpro/devkitARM/lib/gcc/arm-none-eabi/8.3.0/../../../../arm-none-eabi/lib/thumb/libsysbase.a(flock.o)
 .ARM.attributes
                0x0000000000000d6d       0x2a /opt/devkitpro/devkitARM/lib/gcc/arm-none-eabi/8.3.0/../../../../arm-none-eabi/lib/thumb/libsysbase.a(syscall_support.o)
 .ARM.attributes
                0x0000000000000d97       0x2a /opt/devkitpro/devkitARM/lib/gcc/arm-none-eabi/8.3.0/../../../../arm-none-eabi/lib/thumb/libsysbase.a(handle_manager.o)
 .ARM.attributes
                0x0000000000000dc1       0x2a /opt/devkitpro/devkitARM/lib/gcc/arm-none-eabi/8.3.0/../../../../arm-none-eabi/lib/thumb/libsysbase.a(getreent.o)
 .ARM.attributes
                0x0000000000000deb       0x1c /opt/devkitpro/devkitARM/lib/gcc/arm-none-eabi/8.3.0/thumb/libgcc.a(_thumb1_case_uqi.o)
 .ARM.attributes
                0x0000000000000e07       0x1c /opt/devkitpro/devkitARM/lib/gcc/arm-none-eabi/8.3.0/thumb/libgcc.a(_thumb1_case_uhi.o)
 .ARM.attributes
                0x0000000000000e23       0x1c /opt/devkitpro/devkitARM/lib/gcc/arm-none-eabi/8.3.0/thumb/libgcc.a(_udivsi3.o)
 .ARM.attributes
                0x0000000000000e3f       0x1c /opt/devkitpro/devkitARM/lib/gcc/arm-none-eabi/8.3.0/thumb/libgcc.a(_aeabi_uldivmod.o)
 .ARM.attributes
                0x0000000000000e5b       0x2a /opt/devkitpro/devkitARM/lib/gcc/arm-none-eabi/8.3.0/thumb/libgcc.a(_muldi3.o)
 .ARM.attributes
                0x0000000000000e85       0x2a /opt/devkitpro/devkitARM/lib/gcc/arm-none-eabi/8.3.0/thumb/libgcc.a(_udivmoddi4.o)
 .ARM.attributes
                0x0000000000000eaf       0x1c /opt/devkitpro/devkitARM/lib/gcc/arm-none-eabi/8.3.0/thumb/libgcc.a(_clzdi2.o)
 .ARM.attributes
                0x0000000000000ecb       0x1c /opt/devkitpro/devkitARM/lib/gcc/arm-none-eabi/8.3.0/thumb/libgcc.a(_clzsi2.o)
 .ARM.attributes
                0x0000000000000ee7       0x30 /opt/devkitpro/devkitARM/lib/gcc/arm-none-eabi/8.3.0/thumb/crtend.o
 .ARM.attributes
                0x0000000000000f17       0x1c /opt/devkitpro/devkitARM/lib/gcc/arm-none-eabi/8.3.0/thumb/crtn.o

.debug
 *(.debug)

.line
 *(.line)

.debug_srcinfo
 *(.debug_srcinfo)

.debug_sfnames
 *(.debug_sfnames)

.debug_aranges  0x0000000000000000      0x588
 *(.debug_aranges)
 .debug_aranges
                0x0000000000000000       0x28 main.o
 .debug_aranges
                0x0000000000000028       0x28 /opt/devkitpro/libnds/lib/libnds9.a(touch.o)
 .debug_aranges
                0x0000000000000050       0x88 /opt/devkitpro/libnds/lib/libnds9.a(console.o)
 .debug_aranges
                0x00000000000000d8       0x50 /opt/devkitpro/libnds/lib/libnds9.a(keys.o)
 .debug_aranges
                0x0000000000000128       0x20 /opt/devkitpro/libnds/lib/libnds9.a(initSystem.o)
 .debug_aranges
                0x0000000000000148       0x20 /opt/devkitpro/libnds/lib/libnds9.a(timeSupport.o)
 .debug_aranges
                0x0000000000000168       0x18 /opt/devkitpro/libnds/lib/libnds9.a(securearea.o)
 .debug_aranges
                0x0000000000000180       0x50 /opt/devkitpro/libnds/lib/libnds9.a(interrupts.o)
 .debug_aranges
                0x00000000000001d0       0x28 /opt/devkitpro/libnds/lib/libnds9.a(libnds_exit.arm.o)
 .debug_aranges
                0x00000000000001f8       0xb8 /opt/devkitpro/libnds/lib/libnds9.a(fifosystem.o)
 .debug_aranges
                0x00000000000002b0       0x30 /opt/devkitpro/libnds/lib/libnds9.a(mpu_setup.o)
 .debug_aranges
                0x00000000000002e0       0x28 /opt/devkitpro/libnds/lib/libnds9.a(IntrWait.o)
 .debug_aranges
                0x0000000000000308       0x20 /opt/devkitpro/libnds/lib/libnds9.a(cpu_clock.o)
 .debug_aranges
                0x0000000000000328       0x20 /opt/devkitpro/libnds/lib/libnds9.a(interruptDispatcher.o)
 .debug_aranges
                0x0000000000000348       0x20 /opt/devkitpro/libnds/lib/libnds9.a(swiSoftReset.o)
 .debug_aranges
                0x0000000000000368       0x48 /opt/devkitpro/libnds/lib/libnds9.a(background.o)
 .debug_aranges
                0x00000000000003b0       0x48 /opt/devkitpro/libnds/lib/libnds9.a(video.o)
 .debug_aranges
                0x00000000000003f8       0x68 /opt/devkitpro/libnds/lib/libnds9.a(system.o)
 .debug_aranges
                0x0000000000000460       0x60 /opt/devkitpro/libnds/lib/libnds9.a(trig.o)
 .debug_aranges
                0x00000000000004c0       0xc8 /opt/devkitpro/libnds/lib/libnds9.a(biosCalls.o)

.debug_pubnames
 *(.debug_pubnames)

.debug_info     0x0000000000000000    0x10575
 *(.debug_info)
 .debug_info    0x0000000000000000     0x1f7b main.o
 .debug_info    0x0000000000001f7b      0xd37 /opt/devkitpro/libnds/lib/libnds9.a(touch.o)
 .debug_info    0x0000000000002cb2     0x2a1a /opt/devkitpro/libnds/lib/libnds9.a(console.o)
 .debug_info    0x00000000000056cc      0xe17 /opt/devkitpro/libnds/lib/libnds9.a(keys.o)
 .debug_info    0x00000000000064e3     0x1f13 /opt/devkitpro/libnds/lib/libnds9.a(initSystem.o)
 .debug_info    0x00000000000083f6      0xab7 /opt/devkitpro/libnds/lib/libnds9.a(timeSupport.o)
 .debug_info    0x0000000000008ead       0x59 /opt/devkitpro/libnds/lib/libnds9.a(securearea.o)
 .debug_info    0x0000000000008f06      0x735 /opt/devkitpro/libnds/lib/libnds9.a(interrupts.o)
 .debug_info    0x000000000000963b      0xd29 /opt/devkitpro/libnds/lib/libnds9.a(libnds_exit.arm.o)
 .debug_info    0x000000000000a364     0x2197 /opt/devkitpro/libnds/lib/libnds9.a(fifosystem.o)
 .debug_info    0x000000000000c4fb       0x22 /opt/devkitpro/libnds/lib/libnds9.a(mpu_setup.o)
 .debug_info    0x000000000000c51d       0x22 /opt/devkitpro/libnds/lib/libnds9.a(IntrWait.o)
 .debug_info    0x000000000000c53f       0x26 /opt/devkitpro/libnds/lib/libnds9.a(cpu_clock.o)
 .debug_info    0x000000000000c565       0x26 /opt/devkitpro/libnds/lib/libnds9.a(interruptDispatcher.o)
 .debug_info    0x000000000000c58b       0x26 /opt/devkitpro/libnds/lib/libnds9.a(swiSoftReset.o)
 .debug_info    0x000000000000c5b1     0x1424 /opt/devkitpro/libnds/lib/libnds9.a(background.o)
 .debug_info    0x000000000000d9d5      0x7dd /opt/devkitpro/libnds/lib/libnds9.a(video.o)
 .debug_info    0x000000000000e1b2     0x1482 /opt/devkitpro/libnds/lib/libnds9.a(system.o)
 .debug_info    0x000000000000f634      0xf1f /opt/devkitpro/libnds/lib/libnds9.a(trig.o)
 .debug_info    0x0000000000010553       0x22 /opt/devkitpro/libnds/lib/libnds9.a(biosCalls.o)

.debug_abbrev   0x0000000000000000     0x2e8b
 *(.debug_abbrev)
 .debug_abbrev  0x0000000000000000      0x436 main.o
 .debug_abbrev  0x0000000000000436      0x26e /opt/devkitpro/libnds/lib/libnds9.a(touch.o)
 .debug_abbrev  0x00000000000006a4      0x5a0 /opt/devkitpro/libnds/lib/libnds9.a(console.o)
 .debug_abbrev  0x0000000000000c44      0x2c8 /opt/devkitpro/libnds/lib/libnds9.a(keys.o)
 .debug_abbrev  0x0000000000000f0c      0x3af /opt/devkitpro/libnds/lib/libnds9.a(initSystem.o)
 .debug_abbrev  0x00000000000012bb      0x20b /opt/devkitpro/libnds/lib/libnds9.a(timeSupport.o)
 .debug_abbrev  0x00000000000014c6       0x47 /opt/devkitpro/libnds/lib/libnds9.a(securearea.o)
 .debug_abbrev  0x000000000000150d      0x2f7 /opt/devkitpro/libnds/lib/libnds9.a(interrupts.o)
 .debug_abbrev  0x0000000000001804      0x2d0 /opt/devkitpro/libnds/lib/libnds9.a(libnds_exit.arm.o)
 .debug_abbrev  0x0000000000001ad4      0x59b /opt/devkitpro/libnds/lib/libnds9.a(fifosystem.o)
 .debug_abbrev  0x000000000000206f       0x12 /opt/devkitpro/libnds/lib/libnds9.a(mpu_setup.o)
 .debug_abbrev  0x0000000000002081       0x12 /opt/devkitpro/libnds/lib/libnds9.a(IntrWait.o)
 .debug_abbrev  0x0000000000002093       0x14 /opt/devkitpro/libnds/lib/libnds9.a(cpu_clock.o)
 .debug_abbrev  0x00000000000020a7       0x14 /opt/devkitpro/libnds/lib/libnds9.a(interruptDispatcher.o)
 .debug_abbrev  0x00000000000020bb       0x14 /opt/devkitpro/libnds/lib/libnds9.a(swiSoftReset.o)
 .debug_abbrev  0x00000000000020cf      0x416 /opt/devkitpro/libnds/lib/libnds9.a(background.o)
 .debug_abbrev  0x00000000000024e5      0x254 /opt/devkitpro/libnds/lib/libnds9.a(video.o)
 .debug_abbrev  0x0000000000002739      0x3cd /opt/devkitpro/libnds/lib/libnds9.a(system.o)
 .debug_abbrev  0x0000000000002b06      0x373 /opt/devkitpro/libnds/lib/libnds9.a(trig.o)
 .debug_abbrev  0x0000000000002e79       0x12 /opt/devkitpro/libnds/lib/libnds9.a(biosCalls.o)

.debug_line     0x0000000000000000     0x6028
 *(.debug_line)
 .debug_line    0x0000000000000000      0x46c main.o
 .debug_line    0x000000000000046c      0x3d6 /opt/devkitpro/libnds/lib/libnds9.a(touch.o)
 .debug_line    0x0000000000000842     0x11fc /opt/devkitpro/libnds/lib/libnds9.a(console.o)
 .debug_line    0x0000000000001a3e      0x43c /opt/devkitpro/libnds/lib/libnds9.a(keys.o)
 .debug_line    0x0000000000001e7a      0x57f /opt/devkitpro/libnds/lib/libnds9.a(initSystem.o)
 .debug_line    0x00000000000023f9      0x21b /opt/devkitpro/libnds/lib/libnds9.a(timeSupport.o)
 .debug_line    0x0000000000002614       0x82 /opt/devkitpro/libnds/lib/libnds9.a(securearea.o)
 .debug_line    0x0000000000002696      0x53b /opt/devkitpro/libnds/lib/libnds9.a(interrupts.o)
 .debug_line    0x0000000000002bd1      0x2d0 /opt/devkitpro/libnds/lib/libnds9.a(libnds_exit.arm.o)
 .debug_line    0x0000000000002ea1     0x140d /opt/devkitpro/libnds/lib/libnds9.a(fifosystem.o)
 .debug_line    0x00000000000042ae      0x12f /opt/devkitpro/libnds/lib/libnds9.a(mpu_setup.o)
 .debug_line    0x00000000000043dd       0xba /opt/devkitpro/libnds/lib/libnds9.a(IntrWait.o)
 .debug_line    0x0000000000004497       0xa3 /opt/devkitpro/libnds/lib/libnds9.a(cpu_clock.o)
 .debug_line    0x000000000000453a       0xcc /opt/devkitpro/libnds/lib/libnds9.a(interruptDispatcher.o)
 .debug_line    0x0000000000004606       0x9c /opt/devkitpro/libnds/lib/libnds9.a(swiSoftReset.o)
 .debug_line    0x00000000000046a2      0x6e4 /opt/devkitpro/libnds/lib/libnds9.a(background.o)
 .debug_line    0x0000000000004d86      0x4aa /opt/devkitpro/libnds/lib/libnds9.a(video.o)
 .debug_line    0x0000000000005230      0x55a /opt/devkitpro/libnds/lib/libnds9.a(system.o)
 .debug_line    0x000000000000578a      0x6ac /opt/devkitpro/libnds/lib/libnds9.a(trig.o)
 .debug_line    0x0000000000005e36      0x1f2 /opt/devkitpro/libnds/lib/libnds9.a(biosCalls.o)

.debug_frame    0x0000000000000000      0x9cc
 *(.debug_frame)
 .debug_frame   0x0000000000000000       0x40 main.o
 .debug_frame   0x0000000000000040       0x3c /opt/devkitpro/libnds/lib/libnds9.a(touch.o)
 .debug_frame   0x000000000000007c      0x1a0 /opt/devkitpro/libnds/lib/libnds9.a(console.o)
 .debug_frame   0x000000000000021c       0x8c /opt/devkitpro/libnds/lib/libnds9.a(keys.o)
 .debug_frame   0x00000000000002a8       0x28 /opt/devkitpro/libnds/lib/libnds9.a(initSystem.o)
 .debug_frame   0x00000000000002d0       0x28 /opt/devkitpro/libnds/lib/libnds9.a(timeSupport.o)
 .debug_frame   0x00000000000002f8       0xa4 /opt/devkitpro/libnds/lib/libnds9.a(interrupts.o)
 .debug_frame   0x000000000000039c       0x3c /opt/devkitpro/libnds/lib/libnds9.a(libnds_exit.arm.o)
 .debug_frame   0x00000000000003d8      0x2a8 /opt/devkitpro/libnds/lib/libnds9.a(fifosystem.o)
 .debug_frame   0x0000000000000680       0xcc /opt/devkitpro/libnds/lib/libnds9.a(background.o)
 .debug_frame   0x000000000000074c       0xb8 /opt/devkitpro/libnds/lib/libnds9.a(video.o)
 .debug_frame   0x0000000000000804       0xf8 /opt/devkitpro/libnds/lib/libnds9.a(system.o)
 .debug_frame   0x00000000000008fc       0xd0 /opt/devkitpro/libnds/lib/libnds9.a(trig.o)

.debug_str      0x0000000000000000     0x3c24
 *(.debug_str)